fre 23 okt 2020 10:47:23 CEST
$PROBLEM    PHENOBARB SIMPLE MODEL
$INPUT      ID DV MDV OPRED D_EPS1 TIME AMT WGT APGR D_ETA1 D_ETA2
            D_ETA3 D_ETA4 OETA1 OETA2 OETA3 OETA4 D_EPSETA1_1
            D_EPSETA1_2 D_EPSETA1_3 D_EPSETA1_4
$DATA      ../../add_etas_linbase.dta IGNORE=@ IGNORE(MDV.NEN.0)
$PRED
BASE1=D_ETA1*(ETA(1)-OETA1)
BASE2=D_ETA2*(ETA(2)-OETA2)
BASE3=D_ETA3*(ETA(3)-OETA3)
BASE4=D_ETA4*(ETA(4)-OETA4)
BSUM1=BASE1+BASE2+BASE3+BASE4
BASE_TERMS=BSUM1
IPRED=OPRED+BASE_TERMS
ERR1=EPS(1)*(D_EPS1+D_EPSETA1_1*(ETA(1)-OETA1))
ERR2=EPS(1)*(D_EPSETA1_2*(ETA(2)-OETA2))
ERR3=EPS(1)*(D_EPSETA1_3*(ETA(3)-OETA3))
ERR4=EPS(1)*(D_EPSETA1_4*(ETA(4)-OETA4))
ESUM1=ERR1+ERR2+ERR3+ERR4
ERROR_TERMS=ESUM1
Y=IPRED+ERROR_TERMS
$OMEGA  0.111053  ;       IVCL
$OMEGA  0.201526  ;        IVV
$OMEGA  0.0001
$OMEGA  0.0001
$SIGMA  0.0164177
$ETAS       FILE=pheno.phi
$ESTIMATION MCETA=1 METHOD=COND INTERACTION MAXEVALS=9999999 PRINT=1


NM-TRAN MESSAGES
  
 WARNINGS AND ERRORS (IF ANY) FOR PROBLEM    1
             
 (WARNING  2) NM-TRAN INFERS THAT THE DATA ARE POPULATION.

License Registered to: Uppsala University
Expiration Date:    14 MAR 2021
Current Date:       23 OCT 2020
Days until program expires : 146
1NONLINEAR MIXED EFFECTS MODEL PROGRAM (NONMEM) VERSION 7.4.4
 ORIGINALLY DEVELOPED BY STUART BEAL, LEWIS SHEINER, AND ALISON BOECKMANN
 CURRENT DEVELOPERS ARE ROBERT BAUER, ICON DEVELOPMENT SOLUTIONS,
 AND ALISON BOECKMANN. IMPLEMENTATION, EFFICIENCY, AND STANDARDIZATION
 PERFORMED BY NOUS INFOSYSTEMS.
 
 PROBLEM NO.:         1
 PHENOBARB SIMPLE MODEL                                                  
0DATA CHECKOUT RUN:              NO 
 DATA SET LOCATED ON UNIT NO.:    2
 THIS UNIT TO BE REWOUND:        NO 
 NO. OF DATA RECS IN DATA SET:      155
 NO. OF DATA ITEMS IN DATA SET:  21
 ID DATA ITEM IS DATA ITEM NO.:   1
 DEP VARIABLE IS DATA ITEM NO.:   2
 MDV DATA ITEM IS DATA ITEM NO.:  3
0LABELS FOR DATA ITEMS:
 ID DV MDV OPRED D_EPS1 TIME AMT WGT APGR D_ETA1 D_ETA2 D_ETA3 D_ETA4 OETA1 OETA2 OETA3 OETA4 D_EPSETA1_1 D_EPSETA1_2
 D_EPSETA1_3 D_EPSETA1_4
0FORMAT FOR DATA:
 (E15.0,2E22.0/3E22.0/3E22.0/3E23.0/3E23.0/3E23.0/3E23.0)                        
 
 TOT. NO. OF OBS RECS:      155
 TOT. NO. OF INDIVIDUALS:       59
0LENGTH OF THETA:   0
0DEFAULT THETA BOUNDARY TEST OMITTED:    NO 
0OMEGA HAS SIMPLE DIAGONAL FORM WITH DIMENSION:   4
0DEFAULT OMEGA BOUNDARY TEST OMITTED:    NO 
0SIGMA HAS SIMPLE DIAGONAL FORM WITH DIMENSION:   1
0DEFAULT SIGMA BOUNDARY TEST OMITTED:    NO 
0INITIAL ESTIMATE OF OMEGA:
 0.1111E+00
 0.0000E+00   0.2015E+00
 0.0000E+00   0.0000E+00   0.1000E-03
 0.0000E+00   0.0000E+00   0.0000E+00   0.1000E-03
0INITIAL ESTIMATE OF SIGMA:
 0.1642E-01
1


 #TBLN:      1
 #METH: First Order Conditional Estimation with Interaction

 ESTIMATION STEP OMITTED:                 NO  
 ANALYSIS TYPE:                           POPULATION
 NUMBER OF SADDLE POINT RESET ITERATIONS:      0
 GRADIENT METHOD USED:               NOSLOW
 CONDITIONAL ESTIMATES USED:              YES 
 CENTERED ETA:                            NO  
 EPS-ETA INTERACTION:                     YES 
 LAPLACIAN OBJ. FUNC.:                    NO  
 NO. OF FUNCT. EVALS. ALLOWED:            9999999
 NO. OF SIG. FIGURES REQUIRED:            3
 INTERMEDIATE PRINTOUT:                   YES 
 ESTIMATE OUTPUT TO MSF:                  NO  
 IND. OBJ. FUNC. VALUES SORTED:           NO  
 NUMERICAL DERIVATIVE 
       FILE REQUEST (NUMDER):               NONE
 MAP (ETAHAT) ESTIMATION METHOD (OPTMAP):   0           
 ETA HESSIAN EVALUATION METHOD (ETADER):    0           
 INITIAL ETA FOR MAP ESTIMATION (MCETA):    1           
 SIGDIGITS FOR MAP ESTIMATION (SIGLO):      100         
 GRADIENT SIGDIGITS OF 
       FIXED EFFECTS PARAMETERS (SIGL):     100         
 NOPRIOR SETTING (NOPRIOR):                 OFF       
 NOCOV SETTING (NOCOV):                     OFF       
 DERCONT SETTING (DERCONT):                 OFF       
 FINAL ETA RE-EVALUATION (FNLETA):          ON        
 EXCLUDE NON-INFLUENTIAL (NON-INFL.) ETAS   
       IN SHRINKAGE (ETASTYPE):             NO        
 NON-INFL. ETA CORRECTION (NONINFETA):      OFF       
 RAW OUTPUT FILE (FILE): psn.ext                                                                                                                                                                                                                                                         
 EXCLUDE TITLE (NOTITLE):                   NO        
 EXCLUDE COLUMN LABELS (NOLABEL):           NO        
 FORMAT FOR ADDITIONAL FILES (FORMAT):      S1PE12.5
 PARAMETER ORDER FOR OUTPUTS (ORDER):       TSOL
 WISHART PRIOR DF INTERPRETATION (WISHTYPE):0           
 KNUTHSUMOFF:                               0           
 INCLUDE LNTWOPI:                           NO        
 INCLUDE CONSTANT TERM TO PRIOR (PRIORC):   NO        
 INCLUDE CONSTANT TERM TO OMEGA (ETA) (OLNTWOPI):NO        
 ADDITIONAL CONVERGENCE TEST (CTYPE=4)?:    NO
 EM OR BAYESIAN METHOD USED:                 NONE


 THE FOLLOWING LABELS ARE EQUIVALENT
 PRED=PREDI
 RES=RESI
 WRES=WRESI
 IWRS=IWRESI
 IPRD=IPREDI
 IRS=IRESI

 MONITORING OF SEARCH:

LOADED PHI/ETA DATA FROM FILE pheno.phi

0ITERATION NO.:    0    OBJECTIVE VALUE:   730.894739801476        NO. OF FUNC. EVALS.:   3
 CUMULATIVE NO. OF FUNC. EVALS.:        3
 NPARAMETR:  1.1105E-01  2.0153E-01  1.0000E-04  1.0000E-04  1.6418E-02
 PARAMETER:  1.0000E-01  1.0000E-01  1.0000E-01  1.0000E-01  1.0000E-01
 GRADIENT:   5.5320E-01 -3.7730E-01  4.9814E-04 -1.8722E-04  4.8890E+00

0ITERATION NO.:    1    OBJECTIVE VALUE:   730.857161156346        NO. OF FUNC. EVALS.:   5
 CUMULATIVE NO. OF FUNC. EVALS.:        8
 NPARAMETR:  1.1044E-01  2.0229E-01  1.0000E-04  1.0000E-04  1.5634E-02
 PARAMETER:  9.7232E-02  1.0189E-01  9.9998E-02  1.0000E-01  7.5533E-02
 GRADIENT:  -7.4730E-01 -8.0828E-02 -6.7665E-04 -3.9957E-05 -2.2371E+06

0ITERATION NO.:    2    OBJECTIVE VALUE:   730.853739019636        NO. OF FUNC. EVALS.:   5
 CUMULATIVE NO. OF FUNC. EVALS.:       13
 NPARAMETR:  1.1044E-01  2.0229E-01  1.0000E-04  1.0000E-04  1.5992E-02
 PARAMETER:  9.7232E-02  1.0189E-01  9.9998E-02  1.0000E-01  8.6863E-02
 GRADIENT:  -1.6280E-01 -5.2961E-02 -1.4741E-04 -2.6181E-05 -2.2378E+06

0ITERATION NO.:    3    OBJECTIVE VALUE:   730.853739019636        NO. OF FUNC. EVALS.:  10
 CUMULATIVE NO. OF FUNC. EVALS.:       23
 NPARAMETR:  1.1044E-01  2.0229E-01  1.0000E-04  1.0000E-04  1.5992E-02
 PARAMETER:  9.7232E-02  1.0189E-01  9.9998E-02  1.0000E-01  8.6863E-02
 GRADIENT:  -1.6280E-01 -5.2961E-02 -1.4741E-04 -2.6181E-05 -3.2650E+00

0ITERATION NO.:    4    OBJECTIVE VALUE:   730.850665285250        NO. OF FUNC. EVALS.:  21
 CUMULATIVE NO. OF FUNC. EVALS.:       44             RESET HESSIAN, TYPE I
 NPARAMETR:  1.1159E-01  2.0239E-01  1.0000E-04  9.9995E-05  1.5710E-02
 PARAMETER:  1.0242E-01  1.0214E-01  1.0002E-01  9.9977E-02  7.7980E-02
 GRADIENT:  -4.6231E-01  3.8095E-02 -4.1430E-04  1.8822E-05 -2.2373E+06

0ITERATION NO.:    5    OBJECTIVE VALUE:   730.849488709107        NO. OF FUNC. EVALS.:   4
 CUMULATIVE NO. OF FUNC. EVALS.:       48
 NPARAMETR:  1.1159E-01  2.0239E-01  1.0000E-04  9.9995E-05  1.5766E-02
 PARAMETER:  1.0242E-01  1.0214E-01  1.0002E-01  9.9977E-02  7.9756E-02
 GRADIENT:  -3.7043E-01  4.2277E-02 -3.3197E-04  2.0888E-05 -2.2374E+06

0ITERATION NO.:    6    OBJECTIVE VALUE:   730.849316926788        NO. OF FUNC. EVALS.:   4
 CUMULATIVE NO. OF FUNC. EVALS.:       52
 NPARAMETR:  1.1153E-01  2.0239E-01  1.0000E-04  9.9995E-05  1.5794E-02
 PARAMETER:  1.0213E-01  1.0214E-01  1.0002E-01  9.9977E-02  8.0645E-02
 GRADIENT:  -3.3339E-01  4.0594E-02 -2.9894E-04  2.0057E-05 -2.2375E+06

0ITERATION NO.:    7    OBJECTIVE VALUE:   730.849312891154        NO. OF FUNC. EVALS.:   5
 CUMULATIVE NO. OF FUNC. EVALS.:       57
 NPARAMETR:  1.1151E-01  2.0239E-01  1.0000E-04  9.9995E-05  1.5800E-02
 PARAMETER:  1.0204E-01  1.0214E-01  1.0002E-01  9.9977E-02  8.0831E-02
 GRADIENT:  -3.2635E-01  3.9993E-02 -2.9268E-04  1.9759E-05 -2.2375E+06

0ITERATION NO.:    8    OBJECTIVE VALUE:   730.849312891154        NO. OF FUNC. EVALS.:   6
 CUMULATIVE NO. OF FUNC. EVALS.:       63
 NPARAMETR:  1.1151E-01  2.0239E-01  1.0000E-04  9.9995E-05  1.5800E-02
 PARAMETER:  1.0204E-01  1.0214E-01  1.0002E-01  9.9977E-02  8.0831E-02
 GRADIENT:  -3.2635E-01  3.9993E-02 -2.9268E-04  1.9760E-05 -7.0669E+00

0ITERATION NO.:    9    OBJECTIVE VALUE:   730.847613208981        NO. OF FUNC. EVALS.:   7
 CUMULATIVE NO. OF FUNC. EVALS.:       70
 NPARAMETR:  1.1338E-01  2.0233E-01  1.0001E-04  9.9995E-05  1.5800E-02
 PARAMETER:  1.1036E-01  1.0199E-01  1.0007E-01  9.9973E-02  8.0832E-02
 GRADIENT:  -7.8867E-02  1.0376E-01 -6.9569E-05  5.1279E-05 -7.0669E+00

0ITERATION NO.:   10    OBJECTIVE VALUE:   730.847466237733        NO. OF FUNC. EVALS.:   5
 CUMULATIVE NO. OF FUNC. EVALS.:       75
 NPARAMETR:  1.1404E-01  2.0206E-01  1.0002E-04  9.9991E-05  1.5800E-02
 PARAMETER:  1.1325E-01  1.0132E-01  1.0008E-01  9.9956E-02  8.0832E-02
 GRADIENT:   7.1012E-04 -8.0817E-04  6.2252E-07 -4.0025E-07 -7.0668E+00

0ITERATION NO.:   11    OBJECTIVE VALUE:   730.847137096200        NO. OF FUNC. EVALS.:   6
 CUMULATIVE NO. OF FUNC. EVALS.:       81            RESET HESSIAN, TYPE II
 NPARAMETR:  1.1403E-01  2.0206E-01  1.0002E-04  9.9991E-05  1.5753E-02
 PARAMETER:  1.1323E-01  1.0133E-01  1.0008E-01  9.9957E-02  7.9320E-02
 GRADIENT:  -7.7411E-02 -3.6074E-03 -6.7898E-05 -1.7850E-06 -2.2373E+06

0ITERATION NO.:   12    OBJECTIVE VALUE:   730.847137096200        NO. OF FUNC. EVALS.:   5
 CUMULATIVE NO. OF FUNC. EVALS.:       86
 NPARAMETR:  1.1403E-01  2.0206E-01  1.0002E-04  9.9991E-05  1.5753E-02
 PARAMETER:  1.1323E-01  1.0133E-01  1.0008E-01  9.9957E-02  7.9320E-02
 GRADIENT:  -7.7410E-02 -3.6075E-03 -6.7897E-05 -1.7852E-06 -8.0271E+00

0ITERATION NO.:   13    OBJECTIVE VALUE:   730.847036676312        NO. OF FUNC. EVALS.:   5
 CUMULATIVE NO. OF FUNC. EVALS.:       91
 NPARAMETR:  1.1463E-01  2.0201E-01  1.0002E-04  9.9991E-05  1.5753E-02
 PARAMETER:  1.1584E-01  1.0120E-01  1.0010E-01  9.9953E-02  7.9320E-02
 GRADIENT:   5.0940E-04  6.5102E-04  4.4412E-07  3.2233E-07 -8.0271E+00

0ITERATION NO.:   14    OBJECTIVE VALUE:   730.846996553885        NO. OF FUNC. EVALS.:   6
 CUMULATIVE NO. OF FUNC. EVALS.:       97            RESET HESSIAN, TYPE II
 NPARAMETR:  1.1462E-01  2.0201E-01  1.0002E-04  9.9991E-05  1.5736E-02
 PARAMETER:  1.1582E-01  1.0120E-01  1.0010E-01  9.9953E-02  7.8795E-02
 GRADIENT:  -2.6898E-02 -1.2374E-03 -2.3470E-05 -6.1237E-07 -2.2373E+06

0ITERATION NO.:   15    OBJECTIVE VALUE:   730.846996553885        NO. OF FUNC. EVALS.:   5
 CUMULATIVE NO. OF FUNC. EVALS.:      102
 NPARAMETR:  1.1462E-01  2.0201E-01  1.0002E-04  9.9991E-05  1.5736E-02
 PARAMETER:  1.1582E-01  1.0120E-01  1.0010E-01  9.9953E-02  7.8795E-02
 GRADIENT:  -2.6897E-02 -1.2374E-03 -2.3470E-05 -6.1258E-07 -8.3612E+00

0ITERATION NO.:   16    OBJECTIVE VALUE:   730.846984412007        NO. OF FUNC. EVALS.:   5
 CUMULATIVE NO. OF FUNC. EVALS.:      107
 NPARAMETR:  1.1483E-01  2.0199E-01  1.0002E-04  9.9990E-05  1.5736E-02
 PARAMETER:  1.1673E-01  1.0116E-01  1.0010E-01  9.9952E-02  7.8795E-02
 GRADIENT:   8.0919E-05  3.8046E-06  7.0375E-08  2.0843E-09 -8.3612E+00

0ITERATION NO.:   17    OBJECTIVE VALUE:   730.846979461260        NO. OF FUNC. EVALS.:   6
 CUMULATIVE NO. OF FUNC. EVALS.:      113            RESET HESSIAN, TYPE II
 NPARAMETR:  1.1483E-01  2.0199E-01  1.0002E-04  9.9990E-05  1.5730E-02
 PARAMETER:  1.1672E-01  1.0116E-01  1.0010E-01  9.9952E-02  7.8608E-02
 GRADIENT:  -9.5490E-03 -4.3558E-04 -8.3177E-06 -2.1489E-07 -2.2373E+06

0ITERATION NO.:   18    OBJECTIVE VALUE:   730.846979461260        NO. OF FUNC. EVALS.:   5
 CUMULATIVE NO. OF FUNC. EVALS.:      118
 NPARAMETR:  1.1483E-01  2.0199E-01  1.0002E-04  9.9990E-05  1.5730E-02
 PARAMETER:  1.1672E-01  1.0116E-01  1.0010E-01  9.9952E-02  7.8608E-02
 GRADIENT:  -9.5473E-03 -4.3572E-04 -8.3162E-06 -2.1558E-07 -8.4798E+00

0ITERATION NO.:   19    OBJECTIVE VALUE:   730.846977893655        NO. OF FUNC. EVALS.:   5
 CUMULATIVE NO. OF FUNC. EVALS.:      123
 NPARAMETR:  1.1490E-01  2.0199E-01  1.0002E-04  9.9990E-05  1.5730E-02
 PARAMETER:  1.1704E-01  1.0114E-01  1.0010E-01  9.9952E-02  7.8608E-02
 GRADIENT:   3.8181E-06  2.9435E-07  3.0295E-09 -2.1853E-11 -8.4798E+00

0ITERATION NO.:   20    OBJECTIVE VALUE:   730.846977893655        NO. OF FUNC. EVALS.:   2
 CUMULATIVE NO. OF FUNC. EVALS.:      125
 NPARAMETR:  1.1490E-01  2.0199E-01  1.0002E-04  9.9990E-05  1.5730E-02
 PARAMETER:  1.1704E-01  1.0114E-01  1.0010E-01  9.9952E-02  7.8608E-02
 GRADIENT:   3.8181E-06  2.9435E-07  3.0295E-09 -2.1853E-11 -8.4798E+00

 #TERM:
0MINIMIZATION SUCCESSFUL
 NO. OF FUNCTION EVALUATIONS USED:      125
 NO. OF SIG. DIGITS IN FINAL EST.:  5.4

 ETABAR IS THE ARITHMETIC MEAN OF THE ETA-ESTIMATES,
 AND THE P-VALUE IS GIVEN FOR THE NULL HYPOTHESIS THAT THE TRUE MEAN IS 0.

 ETABAR:         1.0381E-02 -4.7131E-03  9.0360E-06 -2.3332E-06
 SE:             2.8275E-02  5.6794E-02  2.4613E-05  2.8115E-05
 N:                      59          59          59          59

 P VAL.:         7.1353E-01  9.3386E-01  7.1353E-01  9.3386E-01

 ETASHRINKSD(%)  3.5378E+01  2.1017E+00  9.8093E+01  9.7822E+01
 ETASHRINKVR(%)  5.8240E+01  4.1592E+00  9.9964E+01  9.9953E+01
 EBVSHRINKSD(%)  3.6903E+01  2.9523E+00  9.8138E+01  9.7841E+01
 EBVSHRINKVR(%)  6.0188E+01  5.8175E+00  9.9965E+01  9.9953E+01
 EPSSHRINKSD(%)  2.8246E+01
 EPSSHRINKVR(%)  4.8513E+01

  
 TOTAL DATA POINTS NORMALLY DISTRIBUTED (N):          155
 N*LOG(2PI) CONSTANT TO OBJECTIVE FUNCTION:    284.87094529344853     
 OBJECTIVE FUNCTION VALUE WITHOUT CONSTANT:    730.84697789365532     
 OBJECTIVE FUNCTION VALUE WITH CONSTANT:       1015.7179231871039     
 REPORTED OBJECTIVE FUNCTION DOES NOT CONTAIN CONSTANT
  
 TOTAL EFFECTIVE ETAS (NIND*NETA):                           236
  
 #TERE:
 Elapsed estimation  time in seconds:     0.16
 Elapsed postprocess time in seconds:     0.00
1
 
 
 
 
 
 
 
 
 
 
 
 
 
 
 
 
 
 
 
 
 ************************************************************************************************************************
 ********************                                                                                ********************
 ********************               FIRST ORDER CONDITIONAL ESTIMATION WITH INTERACTION              ********************
 #OBJT:**************                       MINIMUM VALUE OF OBJECTIVE FUNCTION                      ********************
 ********************                                                                                ********************
 ************************************************************************************************************************
 





 #OBJV:********************************************      730.847       **************************************************
1
 ************************************************************************************************************************
 ********************                                                                                ********************
 ********************               FIRST ORDER CONDITIONAL ESTIMATION WITH INTERACTION              ********************
 ********************                             FINAL PARAMETER ESTIMATE                           ********************
 ********************                                                                                ********************
 ************************************************************************************************************************
 


 OMEGA - COV MATRIX FOR RANDOM EFFECTS - ETAS  ********


         ETA1      ETA2      ETA3      ETA4     
 
 ETA1
+        1.15E-01
 
 ETA2
+        0.00E+00  2.02E-01
 
 ETA3
+        0.00E+00  0.00E+00  1.00E-04
 
 ETA4
+        0.00E+00  0.00E+00  0.00E+00  1.00E-04
 


 SIGMA - COV MATRIX FOR RANDOM EFFECTS - EPSILONS  ****


         EPS1     
 
 EPS1
+        1.57E-02
 
1


 OMEGA - CORR MATRIX FOR RANDOM EFFECTS - ETAS  *******


         ETA1      ETA2      ETA3      ETA4     
 
 ETA1
+        3.39E-01
 
 ETA2
+        0.00E+00  4.49E-01
 
 ETA3
+        0.00E+00  0.00E+00  1.00E-02
 
 ETA4
+        0.00E+00  0.00E+00  0.00E+00  1.00E-02
 


 SIGMA - CORR MATRIX FOR RANDOM EFFECTS - EPSILONS  ***


         EPS1     
 
 EPS1
+        1.25E-01
 
 Elapsed finaloutput time in seconds:     0.00
 #CPUT: Total CPU Time in Seconds,        0.165
Stop Time:
fre 23 okt 2020 10:47:24 CEST
