ons  4 nov 2020 09:44:42 CET
$PROBLEM    PHENOBARB SIMPLE MODEL
$DATA      pheno.dta IGNORE=@
$INPUT      ID TIME AMT WGT APGR DV FA1
$SUBROUTINE ADVAN1 TRANS2
$PK IOV_1 = 0
IF (FA1.EQ.0) IOV_1 = ETA(3)
IF (FA1.EQ.1) IOV_1 = ETA(5)
IOV_2 = 0
IF (FA1.EQ.0) IOV_2 = ETA(4)
IF (FA1.EQ.1) IOV_2 = ETA(6)
ETAI1 = ETA(1) + IOV_1
ETAI2 = ETA(2) + IOV_2

CL=THETA(1)*EXP(ETAI1)
V=THETA(2)*EXP(ETAI2)
S1=V

$ERROR
Y=F+F*EPS(1)

$THETA  (0,0.00469307) ; TVCL
$THETA  (0,1.00916) ; TVV
$OMEGA  BLOCK(2)
 0.0309626  ;       IVCL
 0.001 0.031128  ;        IVV
$OMEGA  BLOCK(2)
 0.00309626  ;      IVCL_
 0.0001 0.0031128  ;       IVV_
$OMEGA  BLOCK(2) SAME
$SIGMA  0.013241
$ESTIMATION METHOD=1 INTERACTION


NM-TRAN MESSAGES
  
 WARNINGS AND ERRORS (IF ANY) FOR PROBLEM    1
             
 (WARNING  2) NM-TRAN INFERS THAT THE DATA ARE POPULATION.

License Registered to: Uppsala University
Expiration Date:    14 MAR 2021
Current Date:        4 NOV 2020
Days until program expires : 135
1NONLINEAR MIXED EFFECTS MODEL PROGRAM (NONMEM) VERSION 7.4.4
 ORIGINALLY DEVELOPED BY STUART BEAL, LEWIS SHEINER, AND ALISON BOECKMANN
 CURRENT DEVELOPERS ARE ROBERT BAUER, ICON DEVELOPMENT SOLUTIONS,
 AND ALISON BOECKMANN. IMPLEMENTATION, EFFICIENCY, AND STANDARDIZATION
 PERFORMED BY NOUS INFOSYSTEMS.
 
 PROBLEM NO.:         1
 PHENOBARB SIMPLE MODEL                                                  
0DATA CHECKOUT RUN:              NO 
 DATA SET LOCATED ON UNIT NO.:    2
 THIS UNIT TO BE REWOUND:        NO 
 NO. OF DATA RECS IN DATA SET:      744
 NO. OF DATA ITEMS IN DATA SET:   9
 ID DATA ITEM IS DATA ITEM NO.:   1
 DEP VARIABLE IS DATA ITEM NO.:   6
 MDV DATA ITEM IS DATA ITEM NO.:  9
0INDICES PASSED TO SUBROUTINE PRED:
   8   2   3   0   0   0   0   0   0   0   0
0LABELS FOR DATA ITEMS:
 ID TIME AMT WGT APGR DV FA1 EVID MDV
0FORMAT FOR DATA:
 (7E6.0,2F2.0)                                                                   
 
 TOT. NO. OF OBS RECS:      155
 TOT. NO. OF INDIVIDUALS:       59
0LENGTH OF THETA:   2
0DEFAULT THETA BOUNDARY TEST OMITTED:    NO 
0OMEGA HAS BLOCK FORM:
  1
  1  1
  0  0  2
  0  0  2  2
  0  0  0  0  2
  0  0  0  0  2  2
0DEFAULT OMEGA BOUNDARY TEST OMITTED:    NO 
0SIGMA HAS SIMPLE DIAGONAL FORM WITH DIMENSION:   1
0DEFAULT SIGMA BOUNDARY TEST OMITTED:    NO 
0INITIAL ESTIMATE OF THETA:
 LOWER BOUND    INITIAL EST    UPPER BOUND
  0.0000E+00     0.4693E-02     0.1000E+07
  0.0000E+00     0.1009E+01     0.1000E+07
0INITIAL ESTIMATE OF OMEGA:
 BLOCK SET NO.   BLOCK                                                                    FIXED
        1                                                                                   NO 
                  0.3096E-01
                  0.1000E-02   0.3113E-01
        2                                                                                   NO 
                  0.3096E-02
                  0.1000E-03   0.3113E-02
0INITIAL ESTIMATE OF SIGMA:
 0.1324E-01
1DOUBLE PRECISION PREDPP VERSION 7.4.4
 
 ONE COMPARTMENT MODEL (ADVAN1)
0MAXIMUM NO. OF BASIC PK PARAMETERS:   2
0BASIC PK PARAMETERS (AFTER TRANSLATION):
   ELIMINATION RATE (K) IS BASIC PK PARAMETER NO.:  1
 
 TRANSLATOR WILL CONVERT PARAMETERS 
 CLEARANCE (CL) AND VOLUME (V) TO K (TRANS2)
0COMPARTMENT ATTRIBUTES 
 COMPT. NO.   FUNCTION   INITIAL    ON/OFF      DOSE      DEFAULT    DEFAULT
                         STATUS     ALLOWED    ALLOWED    FOR DOSE   FOR OBS.
    1         CENTRAL      ON         NO         YES        YES        YES
    2         OUTPUT       OFF        YES        NO         NO         NO 
1
 ADDITIONAL PK PARAMETERS - ASSIGNMENT OF ROWS IN GG
 COMPT. NO.                             INDICES
              SCALE      BIOAVAIL.   ZERO-ORDER  ZERO-ORDER  ABSORB
                         FRACTION    RATE        DURATION    LAG  
    1            3           *           *           *           *
    2            *           -           -           -           -
             - PARAMETER IS NOT ALLOWED FOR THIS MODEL
             * PARAMETER IS NOT SUPPLIED BY PK SUBROUTINE;
               WILL DEFAULT TO ONE IF APPLICABLE
0ERROR IN LOG Y IS MODELED
0DATA ITEM INDICES USED BY PRED ARE:
   EVENT ID DATA ITEM IS DATA ITEM NO.:      8
   TIME DATA ITEM IS DATA ITEM NO.:          2
   DOSE AMOUNT DATA ITEM IS DATA ITEM NO.:   3
 
0PK SUBROUTINE CALLED WITH EVERY EVENT RECORD.
 PK SUBROUTINE NOT CALLED AT NONEVENT (ADDITIONAL OR LAGGED) DOSE TIMES.
0DURING SIMULATION, ERROR SUBROUTINE CALLED WITH EVERY EVENT RECORD.    
 OTHERWISE, ERROR SUBROUTINE CALLED ONCE IN THIS PROBLEM.
1


 #TBLN:      1
 #METH: First Order Conditional Estimation with Interaction

 ESTIMATION STEP OMITTED:                 NO  
 ANALYSIS TYPE:                           POPULATION
 NUMBER OF SADDLE POINT RESET ITERATIONS:      0
 GRADIENT METHOD USED:               NOSLOW
 CONDITIONAL ESTIMATES USED:              YES 
 CENTERED ETA:                            NO  
 EPS-ETA INTERACTION:                     YES 
 LAPLACIAN OBJ. FUNC.:                    NO  
 NO. OF FUNCT. EVALS. ALLOWED:            528
 NO. OF SIG. FIGURES REQUIRED:            3
 INTERMEDIATE PRINTOUT:                   YES 
 ESTIMATE OUTPUT TO MSF:                  NO  
 IND. OBJ. FUNC. VALUES SORTED:           NO  
 NUMERICAL DERIVATIVE 
       FILE REQUEST (NUMDER):               NONE
 MAP (ETAHAT) ESTIMATION METHOD (OPTMAP):   0           
 ETA HESSIAN EVALUATION METHOD (ETADER):    0           
 INITIAL ETA FOR MAP ESTIMATION (MCETA):    0           
 SIGDIGITS FOR MAP ESTIMATION (SIGLO):      100         
 GRADIENT SIGDIGITS OF 
       FIXED EFFECTS PARAMETERS (SIGL):     100         
 NOPRIOR SETTING (NOPRIOR):                 OFF       
 NOCOV SETTING (NOCOV):                     OFF       
 DERCONT SETTING (DERCONT):                 OFF       
 FINAL ETA RE-EVALUATION (FNLETA):          ON        
 EXCLUDE NON-INFLUENTIAL (NON-INFL.) ETAS   
       IN SHRINKAGE (ETASTYPE):             NO        
 NON-INFL. ETA CORRECTION (NONINFETA):      OFF       
 RAW OUTPUT FILE (FILE): psn.ext                                                                                                                                                                                                                                                         
 EXCLUDE TITLE (NOTITLE):                   NO        
 EXCLUDE COLUMN LABELS (NOLABEL):           NO        
 FORMAT FOR ADDITIONAL FILES (FORMAT):      S1PE12.5
 PARAMETER ORDER FOR OUTPUTS (ORDER):       TSOL
 WISHART PRIOR DF INTERPRETATION (WISHTYPE):0           
 KNUTHSUMOFF:                               0           
 INCLUDE LNTWOPI:                           NO        
 INCLUDE CONSTANT TERM TO PRIOR (PRIORC):   NO        
 INCLUDE CONSTANT TERM TO OMEGA (ETA) (OLNTWOPI):NO        
 ADDITIONAL CONVERGENCE TEST (CTYPE=4)?:    NO
 EM OR BAYESIAN METHOD USED:                 NONE


 THE FOLLOWING LABELS ARE EQUIVALENT
 PRED=PREDI
 RES=RESI
 WRES=WRESI
 IWRS=IWRESI
 IPRD=IPREDI
 IRS=IRESI

 MONITORING OF SEARCH:


0ITERATION NO.:    0    OBJECTIVE VALUE:   1068.62445338307        NO. OF FUNC. EVALS.:   5
 CUMULATIVE NO. OF FUNC. EVALS.:        5
 NPARAMETR:  4.6931E-03  1.0092E+00  3.0963E-02  1.0000E-03  3.1128E-02  3.0963E-03  1.0000E-04  3.1128E-03  1.3241E-02
 PARAMETER:  1.0000E-01  1.0000E-01  1.0000E-01  1.0000E-01  1.0000E-01  1.0000E-01  1.0000E-01  1.0000E-01  1.0000E-01
 GRADIENT:  -2.6727E+02 -9.3201E+02 -6.3790E+01 -4.3497E+01 -5.1218E+02 -3.0367E+00 -1.8924E+00 -7.0857E+01 -2.4145E+02

0ITERATION NO.:   61    OBJECTIVE VALUE:   688.579740532701        NO. OF FUNC. EVALS.: 419
 CUMULATIVE NO. OF FUNC. EVALS.:      424
 NPARAMETR:  6.7681E-03  1.4069E+00  6.7371E-02  1.8548E-02  5.1096E-03  3.0870E-01  2.2249E-01  1.6036E-01  1.1391E-02
 PARAMETER:  4.6614E-01  4.3229E-01  4.8872E-01  1.2574E+00 -4.6403E+00  2.4011E+00  2.2283E+01 -6.6134E+01  2.4772E-02
 GRADIENT:   6.4301E-02 -6.9323E-02  1.9801E-03 -3.2001E-04  0.0000E+00 -6.6252E-03  1.6383E-03  0.0000E+00 -4.9849E-03

 #TERM:
0MINIMIZATION SUCCESSFUL
 NO. OF FUNCTION EVALUATIONS USED:      424
 NO. OF SIG. DIGITS IN FINAL EST.:  3.5
0PARAMETER ESTIMATE IS NEAR ITS BOUNDARY
 THIS MUST BE ADDRESSED BEFORE THE COVARIANCE STEP CAN BE IMPLEMENTED

 ETABAR IS THE ARITHMETIC MEAN OF THE ETA-ESTIMATES,
 AND THE P-VALUE IS GIVEN FOR THE NULL HYPOTHESIS THAT THE TRUE MEAN IS 0.

 ETABAR:         6.4639E-03  1.7790E-03 -4.4826E-03 -3.2308E-03  9.0872E-03  6.5495E-03
 SE:             1.6503E-02  4.5428E-03  6.9212E-02  4.9884E-02  1.9353E-02  1.3948E-02
 N:                      59          59          59          59          59          59

 P VAL.:         6.9530E-01  6.9535E-01  9.4836E-01  9.4836E-01  6.3867E-01  6.3867E-01

 ETASHRINKSD(%)  5.0742E+01  5.0765E+01  3.4953E+00  3.4952E+00  7.3016E+01  7.3016E+01
 ETASHRINKVR(%)  7.5737E+01  7.5759E+01  6.8684E+00  6.8682E+00  9.2719E+01  9.2719E+01
 EBVSHRINKSD(%)  5.1365E+01  5.1388E+01  4.3449E+00  4.3448E+00  7.3264E+01  7.3264E+01
 EBVSHRINKVR(%)  7.6347E+01  7.6369E+01  8.5011E+00  8.5009E+00  9.2852E+01  9.2852E+01
 EPSSHRINKSD(%)  2.6262E+01
 EPSSHRINKVR(%)  4.5627E+01

  
 TOTAL DATA POINTS NORMALLY DISTRIBUTED (N):          155
 N*LOG(2PI) CONSTANT TO OBJECTIVE FUNCTION:    284.87094529344853     
 OBJECTIVE FUNCTION VALUE WITHOUT CONSTANT:    688.57974053270084     
 OBJECTIVE FUNCTION VALUE WITH CONSTANT:       973.45068582614931     
 REPORTED OBJECTIVE FUNCTION DOES NOT CONTAIN CONSTANT
  
 TOTAL EFFECTIVE ETAS (NIND*NETA):                           348
  
 #TERE:
 Elapsed estimation  time in seconds:     1.77
 Elapsed postprocess time in seconds:     0.00
1
 
 
 
 
 
 
 
 
 
 
 
 
 
 
 
 
 
 
 
 
 ************************************************************************************************************************
 ********************                                                                                ********************
 ********************               FIRST ORDER CONDITIONAL ESTIMATION WITH INTERACTION              ********************
 #OBJT:**************                       MINIMUM VALUE OF OBJECTIVE FUNCTION                      ********************
 ********************                                                                                ********************
 ************************************************************************************************************************
 





 #OBJV:********************************************      688.580       **************************************************
1
 ************************************************************************************************************************
 ********************                                                                                ********************
 ********************               FIRST ORDER CONDITIONAL ESTIMATION WITH INTERACTION              ********************
 ********************                             FINAL PARAMETER ESTIMATE                           ********************
 ********************                                                                                ********************
 ************************************************************************************************************************
 


 THETA - VECTOR OF FIXED EFFECTS PARAMETERS   *********


         TH 1      TH 2     
 
         6.77E-03  1.41E+00
 


 OMEGA - COV MATRIX FOR RANDOM EFFECTS - ETAS  ********


         ETA1      ETA2      ETA3      ETA4      ETA5      ETA6     
 
 ETA1
+        6.74E-02
 
 ETA2
+        1.85E-02  5.11E-03
 
 ETA3
+        0.00E+00  0.00E+00  3.09E-01
 
 ETA4
+        0.00E+00  0.00E+00  2.22E-01  1.60E-01
 
 ETA5
+        0.00E+00  0.00E+00  0.00E+00  0.00E+00  3.09E-01
 
 ETA6
+        0.00E+00  0.00E+00  0.00E+00  0.00E+00  2.22E-01  1.60E-01
 


 SIGMA - COV MATRIX FOR RANDOM EFFECTS - EPSILONS  ****


         EPS1     
 
 EPS1
+        1.14E-02
 
1


 OMEGA - CORR MATRIX FOR RANDOM EFFECTS - ETAS  *******


         ETA1      ETA2      ETA3      ETA4      ETA5      ETA6     
 
 ETA1
+        2.60E-01
 
 ETA2
+        1.00E+00  7.15E-02
 
 ETA3
+        0.00E+00  0.00E+00  5.56E-01
 
 ETA4
+        0.00E+00  0.00E+00  1.00E+00  4.00E-01
 
 ETA5
+        0.00E+00  0.00E+00  0.00E+00  0.00E+00  5.56E-01
 
 ETA6
+        0.00E+00  0.00E+00  0.00E+00  0.00E+00  1.00E+00  4.00E-01
 


 SIGMA - CORR MATRIX FOR RANDOM EFFECTS - EPSILONS  ***


         EPS1     
 
 EPS1
+        1.07E-01
 
 Elapsed finaloutput time in seconds:     0.00
 #CPUT: Total CPU Time in Seconds,        1.778
Stop Time:
ons  4 nov 2020 09:44:44 CET
