ons 26 aug 2020 08:33:44 CEST
;; 1. Based on: 5
; $SIZE  MOD=23
$PROBLEM    PHENOBARB SIMPLE MODEL
$INPUT      ID TIME AMT WGT APGR DV FA1 FA2
$DATA      ../../../../pheno.dta IGNORE=@
            IGNORE=(ID.EQN.31,ID.EQN.32,ID.EQN.33,ID.EQN.34,ID.EQN.35,ID.EQN.36)
$SUBROUTINE ADVAN1 TRANS2
$PK


IF(AMT.GT.0) BTIME=TIME
TAD=TIME-BTIME
      TVCL=THETA(1)*WGT
      TVV=THETA(2)*WGT
IF(APGR.LT.5) TVV=TVV*(1+THETA(3))
      CL=TVCL*EXP(ETA(1))
      V=TVV*EXP(ETA(2))
      S1=V
$ERROR

      W=F
      Y=F+W*EPS(1)

      IPRED=F         ;  individual-specific prediction
      IRES=DV-IPRED   ;  individual-specific residual
      IWRES=IRES/W    ;  individual-specific weighted residual

$THETA  (0,0.00469555) ; CL
$THETA  (0,0.984258) ; V
$THETA  (-.99,0.15892)
$OMEGA  DIAGONAL(2)
 0.0293508  ;       IVCL
 0.027906  ;        IVV
$SIGMA  0.013241
$ESTIMATION METHOD=1 INTERACTION PRINT=1
$COVARIANCE UNCONDITIONAL
$TABLE      ID TIME AMT WGT APGR IPRED PRED TAD CWRES NPDE NOAPPEND
            NOPRINT ONEHEADER FILE=pheno_real.tab


NM-TRAN MESSAGES
  
 WARNINGS AND ERRORS (IF ANY) FOR PROBLEM    1
             
 (WARNING  2) NM-TRAN INFERS THAT THE DATA ARE POPULATION.

License Registered to: Pharmetheus AB
Expiration Date:    14 DEC 2020
Current Date:       26 AUG 2020
Days until program expires : 108
1NONLINEAR MIXED EFFECTS MODEL PROGRAM (NONMEM) VERSION 7.4.4
 ORIGINALLY DEVELOPED BY STUART BEAL, LEWIS SHEINER, AND ALISON BOECKMANN
 CURRENT DEVELOPERS ARE ROBERT BAUER, ICON DEVELOPMENT SOLUTIONS,
 AND ALISON BOECKMANN. IMPLEMENTATION, EFFICIENCY, AND STANDARDIZATION
 PERFORMED BY NOUS INFOSYSTEMS.
 
 PROBLEM NO.:         1
 PHENOBARB SIMPLE MODEL                                                  
0DATA CHECKOUT RUN:              NO 
 DATA SET LOCATED ON UNIT NO.:    2
 THIS UNIT TO BE REWOUND:        NO 
 NO. OF DATA RECS IN DATA SET:      688
 NO. OF DATA ITEMS IN DATA SET:  10
 ID DATA ITEM IS DATA ITEM NO.:   1
 DEP VARIABLE IS DATA ITEM NO.:   6
 MDV DATA ITEM IS DATA ITEM NO.: 10
0INDICES PASSED TO SUBROUTINE PRED:
   9   2   3   0   0   0   0   0   0   0   0
0LABELS FOR DATA ITEMS:
 ID TIME AMT WGT APGR DV FA1 FA2 EVID MDV
0(NONBLANK) LABELS FOR PRED-DEFINED ITEMS:
 TAD IPRED
0FORMAT FOR DATA:
 (8E6.0,2F2.0)                                                                   
 
 TOT. NO. OF OBS RECS:      142
 TOT. NO. OF INDIVIDUALS:       53
0LENGTH OF THETA:   3
0DEFAULT THETA BOUNDARY TEST OMITTED:    NO 
0OMEGA HAS SIMPLE DIAGONAL FORM WITH DIMENSION:   2
0DEFAULT OMEGA BOUNDARY TEST OMITTED:    NO 
0SIGMA HAS SIMPLE DIAGONAL FORM WITH DIMENSION:   1
0DEFAULT SIGMA BOUNDARY TEST OMITTED:    NO 
0INITIAL ESTIMATE OF THETA:
 LOWER BOUND    INITIAL EST    UPPER BOUND
  0.0000E+00     0.4696E-02     0.1000E+07
  0.0000E+00     0.9843E+00     0.1000E+07
 -0.9900E+00     0.1589E+00     0.1000E+07
0INITIAL ESTIMATE OF OMEGA:
 0.2935E-01
 0.0000E+00   0.2791E-01
0INITIAL ESTIMATE OF SIGMA:
 0.1324E-01
0COVARIANCE STEP OMITTED:        NO 
 EIGENVLS. PRINTED:              NO 
 SPECIAL COMPUTATION:            NO 
 COMPRESSED FORMAT:              NO 
 GRADIENT METHOD USED:     NOSLOW
 SIGDIGITS ETAHAT (SIGLO):                  -1          
 SIGDIGITS GRADIENTS (SIGL):                -1          
 EXCLUDE COV FOR FOCE (NOFCOV):              NO   
 TURN OFF Cholesky Transposition of R Matrix (CHOLROFF): NO   
 KNUTHSUMOFF:                                -1          
 RESUME COV ANALYSIS (RESUME):               NO   
 SIR SAMPLE SIZE (SIRSAMPLE):              -1          
 NON-LINEARLY TRANSFORM THETAS DURING COV (THBND): 1           
 PRECONDTIONING CYCLES (PRECOND):        0           
 PRECONDTIONING TYPES (PRECONDS):        TOS       
 FORCED PRECONDTIONING CYCLES (PFCOND):0           
 PRECONDTIONING TYPE (PRETYPE):        0           
 FORCED POS. DEFINITE SETTING: (FPOSDEF):0           
0TABLES STEP OMITTED:    NO 
 NO. OF TABLES:           1
 SEED NUMBER (SEED):    11456       
 RANMETHOD:             3U                  
 MC SAMPLES (ESAMPLE):    300         
 WRES SQUARE ROOT TYPE (WRESCHOL): EIGENVALUE
0-- TABLE   1 --
0RECORDS ONLY:    ALL                 
04 COLUMNS APPENDED:    NO  
 PRINTED:                NO 
 HEADER:                YES
 FILE TO BE FORWARDED:   NO 
 FORMAT:                S1PE11.4
 LFORMAT:               
 RFORMAT:               
 FIXED_EFFECT_ETAS:     
0USER-CHOSEN ITEMS:
 ID TIME AMT WGT APGR IPRED PRED TAD CWRES NPDE
1DOUBLE PRECISION PREDPP VERSION 7.4.4
 
 ONE COMPARTMENT MODEL (ADVAN1)
0MAXIMUM NO. OF BASIC PK PARAMETERS:   2
0BASIC PK PARAMETERS (AFTER TRANSLATION):
   ELIMINATION RATE (K) IS BASIC PK PARAMETER NO.:  1
 
 TRANSLATOR WILL CONVERT PARAMETERS 
 CLEARANCE (CL) AND VOLUME (V) TO K (TRANS2)
0COMPARTMENT ATTRIBUTES 
 COMPT. NO.   FUNCTION   INITIAL    ON/OFF      DOSE      DEFAULT    DEFAULT
                         STATUS     ALLOWED    ALLOWED    FOR DOSE   FOR OBS.
    1         CENTRAL      ON         NO         YES        YES        YES
    2         OUTPUT       OFF        YES        NO         NO         NO 
1
 ADDITIONAL PK PARAMETERS - ASSIGNMENT OF ROWS IN GG
 COMPT. NO.                             INDICES
              SCALE      BIOAVAIL.   ZERO-ORDER  ZERO-ORDER  ABSORB
                         FRACTION    RATE        DURATION    LAG  
    1            3           *           *           *           *
    2            *           -           -           -           -
             - PARAMETER IS NOT ALLOWED FOR THIS MODEL
             * PARAMETER IS NOT SUPPLIED BY PK SUBROUTINE;
               WILL DEFAULT TO ONE IF APPLICABLE
0DATA ITEM INDICES USED BY PRED ARE:
   EVENT ID DATA ITEM IS DATA ITEM NO.:      9
   TIME DATA ITEM IS DATA ITEM NO.:          2
   DOSE AMOUNT DATA ITEM IS DATA ITEM NO.:   3
 
0PK SUBROUTINE CALLED WITH EVERY EVENT RECORD.
 PK SUBROUTINE NOT CALLED AT NONEVENT (ADDITIONAL OR LAGGED) DOSE TIMES.
0ERROR SUBROUTINE CALLED WITH EVERY EVENT RECORD.
1


 #TBLN:      1
 #METH: First Order Conditional Estimation with Interaction

 ESTIMATION STEP OMITTED:                 NO  
 ANALYSIS TYPE:                           POPULATION
 NUMBER OF SADDLE POINT RESET ITERATIONS:      0
 GRADIENT METHOD USED:               NOSLOW
 CONDITIONAL ESTIMATES USED:              YES 
 CENTERED ETA:                            NO  
 EPS-ETA INTERACTION:                     YES 
 LAPLACIAN OBJ. FUNC.:                    NO  
 NO. OF FUNCT. EVALS. ALLOWED:            288
 NO. OF SIG. FIGURES REQUIRED:            3
 INTERMEDIATE PRINTOUT:                   YES 
 ESTIMATE OUTPUT TO MSF:                  NO  
 IND. OBJ. FUNC. VALUES SORTED:           NO  
 NUMERICAL DERIVATIVE 
       FILE REQUEST (NUMDER):               NONE
 MAP (ETAHAT) ESTIMATION METHOD (OPTMAP):   0           
 ETA HESSIAN EVALUATION METHOD (ETADER):    0           
 INITIAL ETA FOR MAP ESTIMATION (MCETA):    0           
 SIGDIGITS FOR MAP ESTIMATION (SIGLO):      100         
 GRADIENT SIGDIGITS OF 
       FIXED EFFECTS PARAMETERS (SIGL):     100         
 NOPRIOR SETTING (NOPRIOR):                 OFF       
 NOCOV SETTING (NOCOV):                     OFF       
 DERCONT SETTING (DERCONT):                 OFF       
 FINAL ETA RE-EVALUATION (FNLETA):          ON        
 EXCLUDE NON-INFLUENTIAL (NON-INFL.) ETAS   
       IN SHRINKAGE (ETASTYPE):             NO        
 NON-INFL. ETA CORRECTION (NONINFETA):      OFF       
 RAW OUTPUT FILE (FILE): psn.ext                                                                                                                                                                                                                                                         
 EXCLUDE TITLE (NOTITLE):                   NO        
 EXCLUDE COLUMN LABELS (NOLABEL):           NO        
 FORMAT FOR ADDITIONAL FILES (FORMAT):      S1PE12.5
 PARAMETER ORDER FOR OUTPUTS (ORDER):       TSOL
 WISHART PRIOR DF INTERPRETATION (WISHTYPE):0           
 KNUTHSUMOFF:                               0           
 INCLUDE LNTWOPI:                           NO        
 INCLUDE CONSTANT TERM TO PRIOR (PRIORC):   NO        
 INCLUDE CONSTANT TERM TO OMEGA (ETA) (OLNTWOPI):NO        
 ADDITIONAL CONVERGENCE TEST (CTYPE=4)?:    NO
 EM OR BAYESIAN METHOD USED:                 NONE


 THE FOLLOWING LABELS ARE EQUIVALENT
 PRED=PREDI
 RES=RESI
 WRES=WRESI
 IWRS=IWRESI
 IPRD=IPREDI
 IRS=IRESI

 MONITORING OF SEARCH:


0ITERATION NO.:    0    OBJECTIVE VALUE:   534.543507935646        NO. OF FUNC. EVALS.:   6
 CUMULATIVE NO. OF FUNC. EVALS.:        6
 NPARAMETR:  4.6955E-03  9.8426E-01  1.5892E-01  2.9351E-02  2.7906E-02  1.3241E-02
 PARAMETER:  1.0000E-01  1.0000E-01  1.0000E-01  1.0000E-01  1.0000E-01  1.0000E-01
 GRADIENT:  -3.9329E+00 -1.9031E+01 -1.2944E+01  4.4483E-01  5.7235E+00 -7.7629E-02

0ITERATION NO.:    1    OBJECTIVE VALUE:   534.419464027018        NO. OF FUNC. EVALS.:   9
 CUMULATIVE NO. OF FUNC. EVALS.:       15
 NPARAMETR:  4.7038E-03  9.9263E-01  1.6556E-01  2.9339E-02  2.7764E-02  1.3242E-02
 PARAMETER:  1.0175E-01  1.0847E-01  1.0576E-01  9.9802E-02  9.7454E-02  1.0003E-01
 GRADIENT:   1.4674E+00  8.3698E+00 -6.1635E+00  3.2471E-01  5.3709E+00 -6.6629E-01

0ITERATION NO.:    2    OBJECTIVE VALUE:   534.281106486313        NO. OF FUNC. EVALS.:   8
 CUMULATIVE NO. OF FUNC. EVALS.:       23
 NPARAMETR:  4.6993E-03  9.8353E-01  2.0884E-01  2.9241E-02  2.6365E-02  1.3308E-02
 PARAMETER:  1.0080E-01  9.9263E-02  1.4253E-01  9.8128E-02  7.1590E-02  1.0254E-01
 GRADIENT:  -7.3123E-01  2.1946E-02  7.0293E+00  4.9747E-01  3.0029E+00 -1.0721E+00

0ITERATION NO.:    3    OBJECTIVE VALUE:   534.200242038719        NO. OF FUNC. EVALS.:   8
 CUMULATIVE NO. OF FUNC. EVALS.:       31
 NPARAMETR:  4.7206E-03  9.8366E-01  2.0229E-01  2.9012E-02  2.4529E-02  1.3506E-02
 PARAMETER:  1.0532E-01  9.9397E-02  1.3705E-01  9.4198E-02  3.5515E-02  1.0991E-01
 GRADIENT:   3.3468E+00  3.6649E-01  4.8126E+00  3.9383E-01 -4.1556E-01 -5.3741E-01

0ITERATION NO.:    4    OBJECTIVE VALUE:   534.195351722847        NO. OF FUNC. EVALS.:   8
 CUMULATIVE NO. OF FUNC. EVALS.:       39
 NPARAMETR:  4.6953E-03  9.8491E-01  2.0107E-01  2.8944E-02  2.4269E-02  1.3549E-02
 PARAMETER:  9.9948E-02  1.0067E-01  1.3603E-01  9.3029E-02  3.0188E-02  1.1151E-01
 GRADIENT:  -1.7515E+00  1.6275E+00  4.5781E+00  1.7593E-01 -8.9999E-01 -1.0835E-01

0ITERATION NO.:    5    OBJECTIVE VALUE:   534.192926841392        NO. OF FUNC. EVALS.:   7
 CUMULATIVE NO. OF FUNC. EVALS.:       46
 NPARAMETR:  4.6984E-03  9.8479E-01  2.0094E-01  2.8322E-02  2.4349E-02  1.3634E-02
 PARAMETER:  1.0060E-01  1.0054E-01  1.3592E-01  8.2157E-02  3.1825E-02  1.1464E-01
 GRADIENT:  -1.6027E+00  1.4908E+00  4.3779E+00 -1.4278E-01 -6.4419E-01  7.0742E-01

0ITERATION NO.:    6    OBJECTIVE VALUE:   534.192162096839        NO. OF FUNC. EVALS.:   7
 CUMULATIVE NO. OF FUNC. EVALS.:       53
 NPARAMETR:  4.6991E-03  9.8474E-01  2.0019E-01  2.7863E-02  2.4361E-02  1.3539E-02
 PARAMETER:  1.0076E-01  1.0049E-01  1.3529E-01  7.3981E-02  3.2079E-02  1.1111E-01
 GRADIENT:  -1.5889E+00  1.4279E+00  4.0783E+00 -4.9339E-01 -8.1024E-01 -4.5803E-01

0ITERATION NO.:    7    OBJECTIVE VALUE:   534.167732888660        NO. OF FUNC. EVALS.:   9
 CUMULATIVE NO. OF FUNC. EVALS.:       62
 NPARAMETR:  4.7046E-03  9.8569E-01  1.9025E-01  2.8512E-02  2.4662E-02  1.3526E-02
 PARAMETER:  1.0194E-01  1.0145E-01  1.2690E-01  8.5508E-02  3.8201E-02  1.1066E-01
 GRADIENT:  -2.3334E-01  9.1403E-02  3.4987E-01 -7.1299E-02 -1.4951E-01 -7.1419E-02

0ITERATION NO.:    8    OBJECTIVE VALUE:   534.167416563077        NO. OF FUNC. EVALS.:   7
 CUMULATIVE NO. OF FUNC. EVALS.:       69
 NPARAMETR:  4.7056E-03  9.8580E-01  1.8929E-01  2.8616E-02  2.4732E-02  1.3524E-02
 PARAMETER:  1.0213E-01  1.0156E-01  1.2609E-01  8.7316E-02  3.9623E-02  1.1059E-01
 GRADIENT:   1.7221E-03  8.7350E-03  8.8674E-03  1.5823E-04 -1.2593E-03 -1.8775E-03

0ITERATION NO.:    9    OBJECTIVE VALUE:   534.167416563077        NO. OF FUNC. EVALS.:  11
 CUMULATIVE NO. OF FUNC. EVALS.:       80
 NPARAMETR:  4.7056E-03  9.8580E-01  1.8929E-01  2.8616E-02  2.4732E-02  1.3524E-02
 PARAMETER:  1.0213E-01  1.0156E-01  1.2609E-01  8.7316E-02  3.9623E-02  1.1059E-01
 GRADIENT:  -1.8472E-01 -6.8467E-01 -1.4552E-01  1.5823E-04 -1.2593E-03 -3.3288E-02

0ITERATION NO.:   10    OBJECTIVE VALUE:   534.167331321532        NO. OF FUNC. EVALS.:  13
 CUMULATIVE NO. OF FUNC. EVALS.:       93
 NPARAMETR:  4.7061E-03  9.8601E-01  1.8938E-01  2.8613E-02  2.4733E-02  1.3529E-02
 PARAMETER:  1.0224E-01  1.0178E-01  1.2616E-01  8.7268E-02  3.9642E-02  1.1075E-01
 GRADIENT:   1.3690E-02  5.8012E-02  9.3631E-03 -7.0142E-04 -4.2842E-04 -8.1331E-04

0ITERATION NO.:   11    OBJECTIVE VALUE:   534.167331321532        NO. OF FUNC. EVALS.:   8
 CUMULATIVE NO. OF FUNC. EVALS.:      101
 NPARAMETR:  4.7061E-03  9.8601E-01  1.8938E-01  2.8613E-02  2.4733E-02  1.3529E-02
 PARAMETER:  1.0224E-01  1.0178E-01  1.2616E-01  8.7268E-02  3.9642E-02  1.1075E-01
 GRADIENT:   1.3690E-02  5.8012E-02  9.3631E-03 -7.0142E-04 -4.2842E-04 -8.1331E-04

 #TERM:
0MINIMIZATION SUCCESSFUL
 NO. OF FUNCTION EVALUATIONS USED:      101
 NO. OF SIG. DIGITS IN FINAL EST.:  3.7

 ETABAR IS THE ARITHMETIC MEAN OF THE ETA-ESTIMATES,
 AND THE P-VALUE IS GIVEN FOR THE NULL HYPOTHESIS THAT THE TRUE MEAN IS 0.

 ETABAR:         1.7838E-03 -1.2152E-03
 SE:             1.2220E-02  1.8330E-02
 N:                      53          53

 P VAL.:         8.8395E-01  9.4714E-01

 ETASHRINKSD(%)  4.6902E+01  1.4334E+01
 ETASHRINKVR(%)  7.1806E+01  2.6613E+01
 EBVSHRINKSD(%)  4.7510E+01  1.5249E+01
 EBVSHRINKVR(%)  7.2448E+01  2.8173E+01
 EPSSHRINKSD(%)  2.0148E+01
 EPSSHRINKVR(%)  3.6237E+01

  
 TOTAL DATA POINTS NORMALLY DISTRIBUTED (N):          142
 N*LOG(2PI) CONSTANT TO OBJECTIVE FUNCTION:    260.97854343012705     
 OBJECTIVE FUNCTION VALUE WITHOUT CONSTANT:    534.16733132153217     
 OBJECTIVE FUNCTION VALUE WITH CONSTANT:       795.14587475165922     
 REPORTED OBJECTIVE FUNCTION DOES NOT CONTAIN CONSTANT
  
 TOTAL EFFECTIVE ETAS (NIND*NETA):                           106
  
 #TERE:
 Elapsed estimation  time in seconds:     0.52
 Elapsed covariance  time in seconds:     0.54
 Elapsed postprocess time in seconds:     0.08
1
 
 
 
 
 
 
 
 
 
 
 
 
 
 
 
 
 
 
 
 
 ************************************************************************************************************************
 ********************                                                                                ********************
 ********************               FIRST ORDER CONDITIONAL ESTIMATION WITH INTERACTION              ********************
 #OBJT:**************                       MINIMUM VALUE OF OBJECTIVE FUNCTION                      ********************
 ********************                                                                                ********************
 ************************************************************************************************************************
 





 #OBJV:********************************************      534.167       **************************************************
1
 ************************************************************************************************************************
 ********************                                                                                ********************
 ********************               FIRST ORDER CONDITIONAL ESTIMATION WITH INTERACTION              ********************
 ********************                             FINAL PARAMETER ESTIMATE                           ********************
 ********************                                                                                ********************
 ************************************************************************************************************************
 


 THETA - VECTOR OF FIXED EFFECTS PARAMETERS   *********


         TH 1      TH 2      TH 3     
 
         4.71E-03  9.86E-01  1.89E-01
 


 OMEGA - COV MATRIX FOR RANDOM EFFECTS - ETAS  ********


         ETA1      ETA2     
 
 ETA1
+        2.86E-02
 
 ETA2
+        0.00E+00  2.47E-02
 


 SIGMA - COV MATRIX FOR RANDOM EFFECTS - EPSILONS  ****


         EPS1     
 
 EPS1
+        1.35E-02
 
1


 OMEGA - CORR MATRIX FOR RANDOM EFFECTS - ETAS  *******


         ETA1      ETA2     
 
 ETA1
+        1.69E-01
 
 ETA2
+        0.00E+00  1.57E-01
 


 SIGMA - CORR MATRIX FOR RANDOM EFFECTS - EPSILONS  ***


         EPS1     
 
 EPS1
+        1.16E-01
 
1
 ************************************************************************************************************************
 ********************                                                                                ********************
 ********************               FIRST ORDER CONDITIONAL ESTIMATION WITH INTERACTION              ********************
 ********************                            STANDARD ERROR OF ESTIMATE                          ********************
 ********************                                                                                ********************
 ************************************************************************************************************************
 


 THETA - VECTOR OF FIXED EFFECTS PARAMETERS   *********


         TH 1      TH 2      TH 3     
 
         2.15E-04  2.75E-02  8.78E-02
 


 OMEGA - COV MATRIX FOR RANDOM EFFECTS - ETAS  ********


         ETA1      ETA2     
 
 ETA1
+        1.31E-02
 
 ETA2
+       .........  7.54E-03
 


 SIGMA - COV MATRIX FOR RANDOM EFFECTS - EPSILONS  ****


         EPS1     
 
 EPS1
+        2.45E-03
 
1


 OMEGA - CORR MATRIX FOR RANDOM EFFECTS - ETAS  *******


         ETA1      ETA2     
 
 ETA1
+        3.86E-02
 
 ETA2
+       .........  2.40E-02
 


 SIGMA - CORR MATRIX FOR RANDOM EFFECTS - EPSILONS  ***


         EPS1     
 
 EPS1
+        1.05E-02
 
1
 ************************************************************************************************************************
 ********************                                                                                ********************
 ********************               FIRST ORDER CONDITIONAL ESTIMATION WITH INTERACTION              ********************
 ********************                          COVARIANCE MATRIX OF ESTIMATE                         ********************
 ********************                                                                                ********************
 ************************************************************************************************************************
 

            TH 1      TH 2      TH 3      OM11      OM12      OM22      SG11  
 
 TH 1
+        4.61E-08
 
 TH 2
+       -5.49E-08  7.55E-04
 
 TH 3
+       -2.49E-06 -8.33E-04  7.71E-03
 
 OM11
+       -7.65E-07  5.36E-05 -1.06E-04  1.71E-04
 
 OM12
+       ......... ......... ......... ......... .........
 
 OM22
+        2.03E-07  5.59E-05 -5.23E-05 -2.10E-05 .........  5.68E-05
 
 SG11
+        7.31E-08  2.01E-05  2.65E-05  7.44E-06 ......... -8.19E-07  6.00E-06
 
1
 ************************************************************************************************************************
 ********************                                                                                ********************
 ********************               FIRST ORDER CONDITIONAL ESTIMATION WITH INTERACTION              ********************
 ********************                          CORRELATION MATRIX OF ESTIMATE                        ********************
 ********************                                                                                ********************
 ************************************************************************************************************************
 

            TH 1      TH 2      TH 3      OM11      OM12      OM22      SG11  
 
 TH 1
+        2.15E-04
 
 TH 2
+       -9.32E-03  2.75E-02
 
 TH 3
+       -1.32E-01 -3.45E-01  8.78E-02
 
 OM11
+       -2.73E-01  1.49E-01 -9.28E-02  1.31E-02
 
 OM12
+       ......... ......... ......... ......... .........
 
 OM22
+        1.26E-01  2.70E-01 -7.91E-02 -2.13E-01 .........  7.54E-03
 
 SG11
+        1.39E-01  2.99E-01  1.23E-01  2.32E-01 ......... -4.44E-02  2.45E-03
 
1
 ************************************************************************************************************************
 ********************                                                                                ********************
 ********************               FIRST ORDER CONDITIONAL ESTIMATION WITH INTERACTION              ********************
 ********************                      INVERSE COVARIANCE MATRIX OF ESTIMATE                     ********************
 ********************                                                                                ********************
 ************************************************************************************************************************
 

            TH 1      TH 2      TH 3      OM11      OM12      OM22      SG11  
 
 TH 1
+        2.63E+07
 
 TH 2
+        3.30E+04  1.97E+03
 
 TH 3
+        1.58E+04  2.34E+02  1.69E+02
 
 OM11
+        1.38E+05 -2.24E+02  1.76E+02  7.42E+03
 
 OM12
+       ......... ......... ......... ......... .........
 
 OM22
+       -7.06E+04 -2.03E+03 -9.44E+01  2.47E+03 .........  2.08E+04
 
 SG11
+       -6.82E+05 -8.03E+03 -1.95E+03 -1.06E+04 .........  7.88E+03  2.25E+05
 
 Elapsed finaloutput time in seconds:     0.01
 #CPUT: Total CPU Time in Seconds,        1.173
Stop Time:
ons 26 aug 2020 08:33:45 CEST
