tor 11 nov 2021 15:24:39 CET
;; 1. Based on: 5
$PROBLEM    PHENOBARB SIMPLE MODEL
$DATA      pheno.csv IGNORE=@
$INPUT      ID TIME AMT WGT APGR DV FA1 FA2
$SUBROUTINE ADVAN1 TRANS2
$PK

IF(AMT.GT.0) BTIME=TIME
TAD=TIME-BTIME
      TVCL=THETA(1)*WGT
      TVV=THETA(2)*WGT
IF(APGR.LT.5) TVV=TVV*(1+THETA(3))
      CL=TVCL*EXP(ETA(1))
      V=TVV*EXP(ETA(2))
      S1=V

$ERROR

      W=F
      Y=F+W*EPS(1)

      IPRED=F         ;  individual-specific prediction
      IRES=DV-IPRED   ;  individual-specific residual
      IWRES=IRES/W    ;  individual-specific weighted residual

$THETA (0,0.00469307) ; pCL
$THETA  (0,1.00916) ; pV
$THETA  (-.99,.1)
$OMEGA  DIAGONAL(2)
 0.0309626  ;       IVCL
 0.031128  ;        IVV

$SIGMA  1e-7
;$SIGMA  0.0130865
$ESTIMATION METHOD=1 INTERACTION PRINT=1
$COVARIANCE UNCONDITIONAL
$TABLE      ID TIME DV AMT WGT APGR IPRED PRED RES TAD CWRES NPDE NOAPPEND
            NOPRINT ONEHEADER FILE=sdtab1

NM-TRAN MESSAGES

 WARNINGS AND ERRORS (IF ANY) FOR PROBLEM    1

 (WARNING  2) NM-TRAN INFERS THAT THE DATA ARE POPULATION.

 (WARNING  117) DATE=DROP IS SPECIFIED, BUT VALUES OF TIME DATA ITEMS DO NOT
APPEAR TO BE CLOCK TIMES (NO : APPEARS). IF DATE VALUES ARE NOT TO BE USED
IN COMPUTING TIME VALUES, SPECIFY "DROP" INSTEAD OF "DATE=DROP" ON THE
 $INPUT RECORD.

 PROBLEM NO.:         1

0DATA CHECKOUT RUN:              NO
 DATA SET LOCATED ON UNIT NO.:    2
 THIS UNIT TO BE REWOUND:        NO
 NO. OF DATA RECS IN DATA SET:     1148
 NO. OF DATA ITEMS IN DATA SET:  21
 ID DATA ITEM IS DATA ITEM NO.:   1
 DEP VARIABLE IS DATA ITEM NO.:  17
 MDV DATA ITEM IS DATA ITEM NO.: 21
0INDICES PASSED TO SUBROUTINE PRED:
  18  11  13   0  14  15   0   0   0   0   0
0LABELS FOR DATA ITEMS:
 ID VISI AGE SEX WT COMP IACE DIG DIU TAD TIME CRCL AMT SS II VID1 DV EVID SHR SHR2 MDV
0(NONBLANK) LABELS FOR PRED-DEFINED ITEMS:
 VC CL MAT
0FORMAT FOR DATA:
 (E4.0,E3.0,E4.0,E3.0,E5.0,4E3.0,2E18.0,E5.0/E5.0,E3.0,6E6.0,1F2.0)

 TOT. NO. OF OBS RECS:     1006
 TOT. NO. OF INDIVIDUALS:       73
0LENGTH OF THETA:   4
0DEFAULT THETA BOUNDARY TEST OMITTED:    NO
0OMEGA HAS SIMPLE DIAGONAL FORM WITH DIMENSION:   3
0DEFAULT OMEGA BOUNDARY TEST OMITTED:    NO
0SIGMA HAS SIMPLE DIAGONAL FORM WITH DIMENSION:   1
0DEFAULT SIGMA BOUNDARY TEST OMITTED:    NO
0INITIAL ESTIMATE OF THETA:
 LOWER BOUND    INITIAL EST    UPPER BOUND
  0.0000E+00     0.1284E+03     0.1000E+07
  0.0000E+00     0.2272E+02     0.1000E+07
  0.0000E+00     0.1980E+00     0.1000E+07
  0.0000E+00     0.1250E+00     0.1000E+07
0INITIAL ESTIMATE OF OMEGA:
 0.0000E+00
 0.0000E+00   0.0000E+00
 0.0000E+00   0.0000E+00   0.0000E+00
0OMEGA CONSTRAINED TO BE THIS INITIAL ESTIMATE
0INITIAL ESTIMATE OF SIGMA:
 0.2738E+00
0TABLES STEP OMITTED:    NO
 NO. OF TABLES:           1
 SEED NUMBER (SEED):    11456
 RANMETHOD:             3U
 MC SAMPLES (ESAMPLE):    300
 WRES SQUARE ROOT TYPE (WRESCHOL): EIGENVALUE
0-- TABLE   1 --
0RECORDS ONLY:    ALL
04 COLUMNS APPENDED:    NO
 PRINTED:                NO
 HEADERS:               YES
 FILE TO BE FORWARDED:   NO
 FORMAT:                S1PE11.4
 IDFORMAT:
 LFORMAT:
 RFORMAT:
 FIXED_EFFECT_ETAS:
0USER-CHOSEN ITEMS:
 ID TIME CWRES CIPREDI VC CL MAT DV PRED RES WRES IPREDI IWRESI
1DOUBLE PRECISION PREDPP VERSION 7.5.0

 GENERAL LINEAR KINETICS MODEL (ADVAN5)
0MODEL SUBROUTINE USER-SUPPLIED - ID NO. 9999
0MAXIMUM NO. OF BASIC PK PARAMETERS:   3
0RATE CONSTANT PARAMETERS - ASSIGNMENT OF ROWS IN GG
            TO COMPT.
  FROM      1    2    3    4
  COMPT.
    1       *    1    -    -
    2       -    *    2    -
    3       -    -    *    3
             * LINK FROM A COMPARTMENT TO ITSELF IS NOT POSSIBLE
             - LINK BETWEEN THESE COMPARTMENTS IS NOT DEFINED FOR THIS MODEL
0COMPARTMENT ATTRIBUTES
 COMPT. NO.   FUNCTION   INITIAL    ON/OFF      DOSE      DEFAULT    DEFAULT
                         STATUS     ALLOWED    ALLOWED    FOR DOSE   FOR OBS.
    1         TRANSIT1     ON         YES        YES        YES        NO
    2         DEPOT        ON         YES        YES        NO         NO
    3         CENTRAL      ON         YES        YES        NO         YES
    4         OUTPUT       OFF        YES        NO         NO         NO
1
 ADDITIONAL PK PARAMETERS - ASSIGNMENT OF ROWS IN GG
 COMPT. NO.                             INDICES
              SCALE      BIOAVAIL.   ZERO-ORDER  ZERO-ORDER  ABSORB
                         FRACTION    RATE        DURATION    LAG
    1            *           *           *           *           *
    2            *           *           *           *           *
    3            *           *           *           *           *
    4            *           -           -           -           -
             - PARAMETER IS NOT ALLOWED FOR THIS MODEL
             * PARAMETER IS NOT SUPPLIED BY PK SUBROUTINE;
               WILL DEFAULT TO ONE IF APPLICABLE
0DATA ITEM INDICES USED BY PRED ARE:
   EVENT ID DATA ITEM IS DATA ITEM NO.:     18
   TIME DATA ITEM IS DATA ITEM NO.:         11
   DOSE AMOUNT DATA ITEM IS DATA ITEM NO.:  13
   STEADY STATE DATA ITEM IS DATA ITEM NO.: 14
   INTERVAL DATA ITEM IS DATA ITEM NO.:     15

0PK SUBROUTINE CALLED WITH EVERY EVENT RECORD.
 PK SUBROUTINE NOT CALLED AT NONEVENT (ADDITIONAL OR LAGGED) DOSE TIMES.
0ERROR SUBROUTINE CALLED WITH EVERY EVENT RECORD.
0ERROR SUBROUTINE INDICATES THAT DERIVATIVES OF COMPARTMENT AMOUNTS ARE USED.
1


 #TBLN:      1
 #METH: First Order Conditional Estimation with Interaction

 ESTIMATION STEP OMITTED:                 NO
 ANALYSIS TYPE:                           POPULATION
 NUMBER OF SADDLE POINT RESET ITERATIONS:      1
 HESSIAN USED IN SADDLE POINT RESET: VARIABLE METRIC
 GRADIENT METHOD USED:               NOSLOW
 CONDITIONAL ESTIMATES USED:              YES
 CENTERED ETA:                            NO
 EPS-ETA INTERACTION:                     YES
 LAPLACIAN OBJ. FUNC.:                    NO
 NO. OF FUNCT. EVALS. ALLOWED:            9999
 NO. OF SIG. FIGURES REQUIRED:            3
 INTERMEDIATE PRINTOUT:                   YES
 ESTIMATE OUTPUT TO MSF:                  NO
 IND. OBJ. FUNC. VALUES SORTED:           NO
 NUMERICAL DERIVATIVE
       FILE REQUEST (NUMDER):               NONE
 MAP (ETAHAT) ESTIMATION METHOD (OPTMAP):   0
 ETA HESSIAN EVALUATION METHOD (ETADER):    0
 INITIAL ETA FOR MAP ESTIMATION (MCETA):    0
 SIGDIGITS FOR MAP ESTIMATION (SIGLO):      100
 GRADIENT SIGDIGITS OF
       FIXED EFFECTS PARAMETERS (SIGL):     100
 NOPRIOR SETTING (NOPRIOR):                 0
 NOCOV SETTING (NOCOV):                     OFF
 DERCONT SETTING (DERCONT):                 OFF
 FINAL ETA RE-EVALUATION (FNLETA):          1
 EXCLUDE NON-INFLUENTIAL (NON-INFL.) ETAS
       IN SHRINKAGE (ETASTYPE):             NO
 NON-INFL. ETA CORRECTION (NONINFETA):      0
 RAW OUTPUT FILE (FILE): modelsearch_candidate1.ext
 EXCLUDE TITLE (NOTITLE):                   NO
 EXCLUDE COLUMN LABELS (NOLABEL):           NO
 FORMAT FOR ADDITIONAL FILES (FORMAT):      S1PE12.5
 PARAMETER ORDER FOR OUTPUTS (ORDER):       TSOL
 KNUTHSUMOFF:                               0
 INCLUDE LNTWOPI:                           NO
 INCLUDE CONSTANT TERM TO PRIOR (PRIORC):   NO
 INCLUDE CONSTANT TERM TO OMEGA (ETA) (OLNTWOPI):NO
 ADDITIONAL CONVERGENCE TEST (CTYPE=4)?:    NO
 EM OR BAYESIAN METHOD USED:                 NONE


 THE FOLLOWING LABELS ARE EQUIVALENT
 PRED=PREDI
 RES=RESI
 WRES=WRESI
 IWRS=IWRESI
 IPRD=IPREDI
 IRS=IRESI

 MONITORING OF SEARCH:


0ITERATION NO.:    0    OBJECTIVE VALUE:  -1379.25376469833        NO. OF FUNC. EVALS.:   7
 CUMULATIVE NO. OF FUNC. EVALS.:        7
 NPARAMETR:  1.2842E+02  2.2716E+01  1.9796E-01  1.2500E-01  2.7380E-01
 PARAMETER:  1.0000E-01  1.0000E-01  1.0000E-01  1.0000E-01  1.0000E-01
 GRADIENT:   1.6036E+02 -1.5888E+02  1.1622E+02  8.8513E+01 -5.1740E+01

0ITERATION NO.:   23    OBJECTIVE VALUE:  -1414.58124183642        NO. OF FUNC. EVALS.: 210
 CUMULATIVE NO. OF FUNC. EVALS.:      217
 NPARAMETR:  1.2841E+02  2.2713E+01  1.9692E-01  1.2500E-03  2.7362E-01
 PARAMETER:  9.9925E-02  9.9840E-02  9.4759E-02 -4.5472E+00  9.9676E-02
 GRADIENT:   7.1163E-02 -1.5597E-02  2.2754E-03  0.0000E+00 -4.0477E-03

0SADDLE POINT RESET

0ITERATION NO.:   24    OBJECTIVE VALUE:  -1379.82804726715        NO. OF FUNC. EVALS.:   7
 CUMULATIVE NO. OF FUNC. EVALS.:      224
 NPARAMETR:  1.2841E+02  2.2713E+01  1.9692E-01  1.2500E-01  2.7368E-01
 PARAMETER:  9.9925E-02  9.9840E-02  9.4759E-02  1.0000E-01  9.9676E-02
 GRADIENT:   1.5836E+02 -1.5857E+02  1.1455E+02  8.7496E+01 -5.1220E+01

0ITERATION NO.:   46    OBJECTIVE VALUE:  -1414.58124212924        NO. OF FUNC. EVALS.: 202
 CUMULATIVE NO. OF FUNC. EVALS.:      426
 NPARAMETR:  1.2841E+02  2.2713E+01  1.9692E-01  1.2500E-03  2.7362E-01
 PARAMETER:  9.9906E-02  9.9833E-02  9.4756E-02 -4.7328E+00  9.9678E-02
 GRADIENT:  -1.4678E-02 -4.5757E-02  9.4663E-04  0.0000E+00  4.1952E-02

 #TERM:
0MINIMIZATION SUCCESSFUL
 NO. OF FUNCTION EVALUATIONS USED:      426
 NO. OF SIG. DIGITS IN FINAL EST.:  4.2
0PARAMETER ESTIMATE IS NEAR ITS BOUNDARY
 THIS MUST BE ADDRESSED BEFORE THE COVARIANCE STEP CAN BE IMPLEMENTED
