Mon Sep  9 09:33:02 CEST 2024
$PROBLEM [CL,QP1,VP1]
$INPUT ID TIME DV OPRED D_EPSETA_1_4 D_EPSETA_1_1 D_EPSETA_1_3 D_EPSETA_1_2 D_ETA_1 D_ETA_2 D_ETA_3 D_ETA_4 D_EPS_1 OETA_1 OETA_2 OETA_3 OETA_4
$DATA ../.datasets/data2.csv IGNORE=@
$ABBR REPLACE ETA_CL=ETA(1)
$ABBR REPLACE ETA_QP1=ETA(2)
$ABBR REPLACE ETA_VP1=ETA(3)
$PRED
BASE1 = -D_ETA_1*OETA_1
BASE2 = D_ETA_2*(-OETA_2 + ETA_CL)
BASE3 = D_ETA_3*(-OETA_3 + ETA_QP1)
BASE4 = D_ETA_4*(-OETA_4 + ETA_VP1)
BASE_TERMS = BASE1 + BASE2 + BASE3 + BASE4
IPRED = BASE_TERMS + OPRED
ERR1 = D_EPS_1*EPS(1)
ERR2 = -D_EPSETA_1_1*EPS(1)*OETA_1
ERR3 = D_EPSETA_1_2*EPS(1)*(-OETA_2 + ETA_CL)
ERR4 = D_EPSETA_1_3*EPS(1)*(-OETA_3 + ETA_QP1)
ERR5 = D_EPSETA_1_4*EPS(1)*(-OETA_4 + ETA_VP1)
ERROR_TERMS = ERR1 + ERR2 + ERR3 + ERR4 + ERR5
Y = ERROR_TERMS + IPRED
$OMEGA BLOCK(3)
0.278673	; IIV_CL
0.00782277	; IIV_BASE2_ERR3_IIV_BASE3_ERR4
0.01	; IIV_QP1
0.00873905	; IIV_BASE2_ERR3_IIV_BASE4_ERR5
0.000110439	; IIV_BASE3_ERR4_IIV_BASE4_ERR5
0.01	; IIV_VP1
$SIGMA  0.0593028 ; RUV_PROP
$ESTIMATION METHOD=COND INTER MAXEVAL=999999 MCETA=1
$ETAS FILE=model_input.phi 

NM-TRAN MESSAGES
  
 WARNINGS AND ERRORS (IF ANY) FOR PROBLEM    1
             
 (WARNING  2) NM-TRAN INFERS THAT THE DATA ARE POPULATION.
             
 (WARNING  13) WITH USER-WRITTEN PRED OR $PRED, NM-TRAN CANNOT APPEND THE
 MDV DATA ITEM.

License Registered to: Uppsala University Department of Pharmacy
Expiration Date:    14 MAR 2025
Current Date:        9 SEP 2024
Days until program expires : 190
1NONLINEAR MIXED EFFECTS MODEL PROGRAM (NONMEM) VERSION 7.5.0
 ORIGINALLY DEVELOPED BY STUART BEAL, LEWIS SHEINER, AND ALISON BOECKMANN
 CURRENT DEVELOPERS ARE ROBERT BAUER, ICON DEVELOPMENT SOLUTIONS,
 AND ALISON BOECKMANN. IMPLEMENTATION, EFFICIENCY, AND STANDARDIZATION
 PERFORMED BY NOUS INFOSYSTEMS.

 PROBLEM NO.:         1
 [CL,QP1,VP1]
0DATA CHECKOUT RUN:              NO
 DATA SET LOCATED ON UNIT NO.:    2
 THIS UNIT TO BE REWOUND:        NO
 NO. OF DATA RECS IN DATA SET:      388
 NO. OF DATA ITEMS IN DATA SET:  17
 ID DATA ITEM IS DATA ITEM NO.:   1
 DEP VARIABLE IS DATA ITEM NO.:   3
0LABELS FOR DATA ITEMS:
 ID TIME DV OPRED D_EPSETA_1_4 D_EPSETA_1_1 D_EPSETA_1_3 D_EPSETA_1_2 D_ETA_1 D_ETA_2 D_ETA_3 D_ETA_4 D_EPS_1 OETA_1
 OETA_2 OETA_3 OETA_4
0LABELS FOR ETAS
 ETA(1)=ETA_CL
 ETA(2)=ETA_QP1
 ETA(3)=ETA_VP1
0FORMAT FOR DATA:
 (5(3E23.0/),2E23.0)

 TOT. NO. OF OBS RECS:      388
 TOT. NO. OF INDIVIDUALS:      155
0LENGTH OF THETA:   0
0DEFAULT THETA BOUNDARY TEST OMITTED:    NO
0OMEGA HAS BLOCK FORM:
  1
  1  1
  1  1  1
0DEFAULT OMEGA BOUNDARY TEST OMITTED:    NO
0SIGMA HAS SIMPLE DIAGONAL FORM WITH DIMENSION:   1
0DEFAULT SIGMA BOUNDARY TEST OMITTED:    NO
0INITIAL ESTIMATE OF OMEGA:
 BLOCK SET NO.   BLOCK                                                                    FIXED
        1                                                                                   NO
                  0.2787E+00
                  0.7823E-02   0.1000E-01
                  0.8739E-02   0.1104E-03   0.1000E-01
0INITIAL ESTIMATE OF SIGMA:
 0.5930E-01
1


 #TBLN:      1
 #METH: First Order Conditional Estimation with Interaction

 ESTIMATION STEP OMITTED:                 NO
 ANALYSIS TYPE:                           POPULATION
 NUMBER OF SADDLE POINT RESET ITERATIONS:      0
 GRADIENT METHOD USED:               NOSLOW
 CONDITIONAL ESTIMATES USED:              YES
 CENTERED ETA:                            NO
 EPS-ETA INTERACTION:                     YES
 LAPLACIAN OBJ. FUNC.:                    NO
 NO. OF FUNCT. EVALS. ALLOWED:            999999
 NO. OF SIG. FIGURES REQUIRED:            3
 INTERMEDIATE PRINTOUT:                   YES
 ESTIMATE OUTPUT TO MSF:                  NO
 IND. OBJ. FUNC. VALUES SORTED:           NO
 NUMERICAL DERIVATIVE
       FILE REQUEST (NUMDER):               NONE
 MAP (ETAHAT) ESTIMATION METHOD (OPTMAP):   0
 ETA HESSIAN EVALUATION METHOD (ETADER):    0
 INITIAL ETA FOR MAP ESTIMATION (MCETA):    1
 SIGDIGITS FOR MAP ESTIMATION (SIGLO):      100
 GRADIENT SIGDIGITS OF
       FIXED EFFECTS PARAMETERS (SIGL):     100
 NOPRIOR SETTING (NOPRIOR):                 0
 NOCOV SETTING (NOCOV):                     OFF
 DERCONT SETTING (DERCONT):                 OFF
 FINAL ETA RE-EVALUATION (FNLETA):          1
 EXCLUDE NON-INFLUENTIAL (NON-INFL.) ETAS
       IN SHRINKAGE (ETASTYPE):             NO
 NON-INFL. ETA CORRECTION (NONINFETA):      0
 RAW OUTPUT FILE (FILE): model.ext
 EXCLUDE TITLE (NOTITLE):                   NO
 EXCLUDE COLUMN LABELS (NOLABEL):           NO
 FORMAT FOR ADDITIONAL FILES (FORMAT):      S1PE12.5
 PARAMETER ORDER FOR OUTPUTS (ORDER):       TSOL
 KNUTHSUMOFF:                               0
 INCLUDE LNTWOPI:                           NO
 INCLUDE CONSTANT TERM TO PRIOR (PRIORC):   NO
 INCLUDE CONSTANT TERM TO OMEGA (ETA) (OLNTWOPI):NO
 ADDITIONAL CONVERGENCE TEST (CTYPE=4)?:    NO
 EM OR BAYESIAN METHOD USED:                 NONE


 THE FOLLOWING LABELS ARE EQUIVALENT
 PRED=PREDI
 RES=RESI
 WRES=WRESI
 IWRS=IWRESI
 IPRD=IPREDI
 IRS=IRESI

 MONITORING OF SEARCH:

LOADED PHI/ETA DATA FROM FILE model_input.phi

0ITERATION NO.:    0    OBJECTIVE VALUE:   788.373855787262        NO. OF FUNC. EVALS.:   3
 CUMULATIVE NO. OF FUNC. EVALS.:        3
 NPARAMETR:  2.7867E-01  7.8228E-03  8.7390E-03  1.0000E-02  1.1044E-04  1.0000E-02  5.9303E-02
 PARAMETER:  1.0000E-01  1.0000E-01  1.0000E-01  1.0000E-01 -1.0000E-01  1.0000E-01  1.0000E-01
 GRADIENT:   1.7967E+01 -4.3052E+00 -1.3467E+00 -9.3488E-01 -1.9008E-02 -1.4841E-01 -8.7123E+01
0HESSIAN OF POSTERIOR DENSITY IS NON-POSITIVE-DEFINITE DURING SEARCH

 #TERM:
  
 TOTAL DATA POINTS NORMALLY DISTRIBUTED (N):          127
 N*LOG(2PI) CONSTANT TO OBJECTIVE FUNCTION:    233.41038743398687     
 OBJECTIVE FUNCTION VALUE WITHOUT CONSTANT:    779.38748742869075     
 OBJECTIVE FUNCTION VALUE WITH CONSTANT:       1012.7978748626776     
 REPORTED OBJECTIVE FUNCTION DOES NOT CONTAIN CONSTANT
  
 TOTAL EFFECTIVE ETAS (NIND*NETA):                           111
  
 #TERE:
 Elapsed estimation  time in seconds:     0.18
 #CPUT: Total CPU Time in Seconds,        0.237
Stop Time:
Mon Sep  9 09:33:04 CEST 2024
