tor 11 nov 2021 15:24:39 CET
;; 1. Based on: 5
$PROBLEM    PHENOBARB SIMPLE MODEL
$DATA      pheno.csv IGNORE=@
$INPUT      ID TIME AMT WGT APGR DV FA1 FA2
$SUBROUTINE ADVAN1 TRANS2
$PK

IF(AMT.GT.0) BTIME=TIME
TAD=TIME-BTIME
      TVCL=THETA(1)*WGT
      TVV=THETA(2)*WGT
IF(APGR.LT.5) TVV=TVV*(1+THETA(3))
      CL=TVCL*EXP(ETA(1))
      V=TVV*EXP(ETA(2))
      S1=V

$ERROR

      W=F
      Y=F+W*EPS(1)

      IPRED=F         ;  individual-specific prediction
      IRES=DV-IPRED   ;  individual-specific residual
      IWRES=IRES/W    ;  individual-specific weighted residual

$THETA (0,0.00469307) ; pCL
$THETA  (0,1.00916) ; pV
$THETA  (-.99,.1)
$OMEGA  DIAGONAL(2)
 0.0309626  ;       IVCL
 0.031128  ;        IVV

$SIGMA  1e-7
;$SIGMA  0.0130865
$ESTIMATION METHOD=1 INTERACTION PRINT=1
$COVARIANCE UNCONDITIONAL
$TABLE      ID TIME DV AMT WGT APGR IPRED PRED RES TAD CWRES NPDE NOAPPEND
            NOPRINT ONEHEADER FILE=sdtab1

NM-TRAN MESSAGES

 WARNINGS AND ERRORS (IF ANY) FOR PROBLEM    1

 (WARNING  2) NM-TRAN INFERS THAT THE DATA ARE POPULATION.

 (WARNING  3) THERE MAY BE AN ERROR IN THE ABBREVIATED CODE. THE FOLLOWING
 ONE OR MORE RANDOM VARIABLES ARE DEFINED WITH "IF" STATEMENTS THAT DO NOT
 PROVIDE DEFINITIONS FOR BOTH THE "THEN" AND "ELSE" CASES. IF ALL
 CONDITIONS FAIL, THE VALUES OF THESE VARIABLES WILL BE ZERO.

   CUBL RESV CUBR

 PROBLEM NO.:         1
 pheno
0DATA CHECKOUT RUN:              NO
 DATA SET LOCATED ON UNIT NO.:    2
 THIS UNIT TO BE REWOUND:        NO
 NO. OF DATA RECS IN DATA SET:     2794
 NO. OF DATA ITEMS IN DATA SET:  13
 ID DATA ITEM IS DATA ITEM NO.:   1
 DEP VARIABLE IS DATA ITEM NO.:   5
 MDV DATA ITEM IS DATA ITEM NO.: 13
0INDICES PASSED TO SUBROUTINE PRED:
   6   2   3   4   0   0   7   0   0   0   0
0LABELS FOR DATA ITEMS:
 ID TIME AMT RATE DV EVID CMT CIN CINB FLAG TIN STUD MDV
0FORMAT FOR DATA:
 (E4.0,E5.0,2E9.0,E7.0,E4.0,3E5.0,E4.0,E5.0,E4.0,1F2.0)

 TOT. NO. OF OBS RECS:     1243
 TOT. NO. OF INDIVIDUALS:       20
0LENGTH OF THETA:  20
0DEFAULT THETA BOUNDARY TEST OMITTED:    NO
0OMEGA HAS SIMPLE DIAGONAL FORM WITH DIMENSION:   5
0DEFAULT OMEGA BOUNDARY TEST OMITTED:    NO
0SIGMA HAS SIMPLE DIAGONAL FORM WITH DIMENSION:   5
0DEFAULT SIGMA BOUNDARY TEST OMITTED:    NO
0INITIAL ESTIMATE OF THETA:
 LOWER BOUND    INITIAL EST    UPPER BOUND
  0.0000E+00     0.6600E+00     0.1000E+01
  0.0000E+00     0.1640E+00     0.1000E+01
  0.0000E+00     0.3890E+02     0.1000E+07
  0.0000E+00     0.9400E+03     0.1000E+07
  0.0000E+00     0.8600E+01     0.1000E+07
  0.0000E+00     0.3200E+03     0.1000E+07
  0.0000E+00     0.7200E+00     0.1000E+01
  0.0000E+00     0.4110E+02     0.1000E+07
  0.0000E+00     0.1120E+02     0.1000E+07
  0.0000E+00     0.3100E+01     0.1000E+07
  0.0000E+00     0.1710E+00     0.1000E+07
  0.0000E+00     0.0000E+00     0.0000E+00
  0.0000E+00     0.0000E+00     0.0000E+00
  0.0000E+00     0.2560E+01     0.1000E+07
  0.0000E+00     0.5090E+00     0.1000E+07
  0.0000E+00     0.0000E+00     0.0000E+00
  0.0000E+00     0.2900E+00     0.1000E+07
  0.0000E+00     0.2200E+00     0.1000E+07
  0.0000E+00     0.0000E+00     0.0000E+00
  0.0000E+00     0.2200E+01     0.1000E+07
0INITIAL ESTIMATE OF OMEGA:
 0.1000E+00
 0.0000E+00   0.1000E+00
 0.0000E+00   0.0000E+00   0.3000E+00
 0.0000E+00   0.0000E+00   0.0000E+00   0.1000E+00
 0.0000E+00   0.0000E+00   0.0000E+00   0.0000E+00   0.2000E+00
0INITIAL ESTIMATE OF SIGMA:
 0.1000E+01
 0.0000E+00   0.1000E+01
 0.0000E+00   0.0000E+00   0.1000E+01
 0.0000E+00   0.0000E+00   0.0000E+00   0.1000E+01
 0.0000E+00   0.0000E+00   0.0000E+00   0.0000E+00   0.1000E+01
0SIGMA CONSTRAINED TO BE THIS INITIAL ESTIMATE
0WARNING: THE NUMBER OF PARAMETERS TO BE ESTIMATED
 EXCEEDS THE NUMBER OF INDIVIDUALS WITH DATA.
1DOUBLE PRECISION PREDPP VERSION 7.4.4

 GENERAL NONLINEAR KINETICS MODEL (DVERK1, ADVAN6)
0MODEL SUBROUTINE USER-SUPPLIED - ID NO. 9999
0MAXIMUM NO. OF BASIC PK PARAMETERS:  11
0COMPARTMENT ATTRIBUTES
 COMPT. NO.   FUNCTION   INITIAL    ON/OFF      DOSE      DEFAULT    DEFAULT
                         STATUS     ALLOWED    ALLOWED    FOR DOSE   FOR OBS.
    1         ART          ON         YES        YES        YES        YES
    2         VEN          ON         YES        YES        NO         NO
    3         OUT          ON         YES        YES        NO         NO
    4         PER          ON         YES        YES        NO         NO
    5         BROUT        ON         YES        YES        NO         NO
    6         BR           ON         YES        YES        NO         NO
    7         OUTPUT       OFF        YES        NO         NO         NO
 INITIAL (BASE) TOLERANCE SETTINGS:
 NRD (RELATIVE) VALUE OF TOLERANCE:   5
 ANRD (ABSOLUTE) VALUE OF TOLERANCE:  12
1
 ADDITIONAL PK PARAMETERS - ASSIGNMENT OF ROWS IN GG
 COMPT. NO.                             INDICES
              SCALE      BIOAVAIL.   ZERO-ORDER  ZERO-ORDER  ABSORB
                         FRACTION    RATE        DURATION    LAG
    1           12           *           *           *           *
    2           13           *           *           *           *
    3            *           *           *           *           *
    4            *           *           *           *           *
    5            *           *           *           *           *
    6           14           *           *           *           *
    7            *           -           -           -           -
             - PARAMETER IS NOT ALLOWED FOR THIS MODEL
             * PARAMETER IS NOT SUPPLIED BY PK SUBROUTINE;
               WILL DEFAULT TO ONE IF APPLICABLE
0DATA ITEM INDICES USED BY PRED ARE:
   EVENT ID DATA ITEM IS DATA ITEM NO.:      6
   TIME DATA ITEM IS DATA ITEM NO.:          2
   DOSE AMOUNT DATA ITEM IS DATA ITEM NO.:   3
   DOSE RATE DATA ITEM IS DATA ITEM NO.:     4
   COMPT. NO. DATA ITEM IS DATA ITEM NO.:    7

0PK SUBROUTINE CALLED WITH EVERY EVENT RECORD.
 PK SUBROUTINE NOT CALLED AT NONEVENT (ADDITIONAL OR LAGGED) DOSE TIMES.
0ERROR SUBROUTINE CALLED WITH EVERY EVENT RECORD.
0ERROR SUBROUTINE INDICATES THAT DERIVATIVES OF COMPARTMENT AMOUNTS ARE USED.
0DES SUBROUTINE USES COMPACT STORAGE MODE.
1


 #TBLN:      1
 #METH: Importance Sampling (No Prior)

 ESTIMATION STEP OMITTED:                 NO
 ANALYSIS TYPE:                           POPULATION
 NUMBER OF SADDLE POINT RESET ITERATIONS:      0
 GRADIENT METHOD USED:               NOSLOW
 CONDITIONAL ESTIMATES USED:              YES
 CENTERED ETA:                            NO
 EPS-ETA INTERACTION:                     YES
 LAPLACIAN OBJ. FUNC.:                    NO
 NO. OF FUNCT. EVALS. ALLOWED:            9999
 NO. OF SIG. FIGURES REQUIRED:            3
 INTERMEDIATE PRINTOUT:                   YES
 ESTIMATE OUTPUT TO MSF:                  NO
 IND. OBJ. FUNC. VALUES SORTED:           NO
 NUMERICAL DERIVATIVE
       FILE REQUEST (NUMDER):               NONE
 MAP (ETAHAT) ESTIMATION METHOD (OPTMAP):   0
 ETA HESSIAN EVALUATION METHOD (ETADER):    0
 INITIAL ETA FOR MAP ESTIMATION (MCETA):    3
 SIGDIGITS FOR MAP ESTIMATION (SIGLO):      100
 GRADIENT SIGDIGITS OF
       FIXED EFFECTS PARAMETERS (SIGL):     100
 NOPRIOR SETTING (NOPRIOR):                 ON
 NOCOV SETTING (NOCOV):                     OFF
 DERCONT SETTING (DERCONT):                 OFF
 FINAL ETA RE-EVALUATION (FNLETA):          ON
 EXCLUDE NON-INFLUENTIAL (NON-INFL.) ETAS
       IN SHRINKAGE (ETASTYPE):             NO
 NON-INFL. ETA CORRECTION (NONINFETA):      OFF
 RAW OUTPUT FILE (FILE): run477_IMP.ext
 EXCLUDE TITLE (NOTITLE):                   NO
 EXCLUDE COLUMN LABELS (NOLABEL):           NO
 FORMAT FOR ADDITIONAL FILES (FORMAT):      S1PE12.5
 PARAMETER ORDER FOR OUTPUTS (ORDER):       TSOL
 WISHART PRIOR DF INTERPRETATION (WISHTYPE):0
 KNUTHSUMOFF:                               0
 INCLUDE LNTWOPI:                           NO
 INCLUDE CONSTANT TERM TO PRIOR (PRIORC):   NO
 INCLUDE CONSTANT TERM TO OMEGA (ETA) (OLNTWOPI):NO
 EM OR BAYESIAN METHOD USED:                IMPORTANCE SAMPLING (IMP)
 MU MODELING PATTERN (MUM):
 GRADIENT/GIBBS PATTERN (GRD):
 AUTOMATIC SETTING FEATURE (AUTO):          ON
 CONVERGENCE TYPE (CTYPE):                  3
 CONVERGENCE INTERVAL (CINTERVAL):          1
 CONVERGENCE ITERATIONS (CITER):            10
 CONVERGENCE ALPHA ERROR (CALPHA):          5.000000000000000E-02
 ITERATIONS (NITER):                        500
 ANEAL SETTING (CONSTRAIN):                 1
 STARTING SEED FOR MC METHODS (SEED):       11456
 MC SAMPLES PER SUBJECT (ISAMPLE):          300
 MAXIMUM SAMPLES PER SUBJECT FOR AUTOMATIC
 ISAMPLE ADJUSTMENT (ISAMPEND):             10000
 RANDOM SAMPLING METHOD (RANMETHOD):        3U
 EXPECTATION ONLY (EONLY):                  0
 PROPOSAL DENSITY SCALING RANGE
              (ISCALE_MIN, ISCALE_MAX):     0.100000000000000       ,10.0000000000000
 SAMPLE ACCEPTANCE RATE (IACCEPT):          0.00000000000000
 LONG TAIL SAMPLE ACCEPT. RATE (IACCEPTL):   0.00000000000000
 T-DIST. PROPOSAL DENSITY (DF):             0
 NO. ITERATIONS FOR MAP (MAPITER):          1
 INTERVAL ITER. FOR MAP (MAPINTER):         0
 MAP COVARIANCE/MODE SETTING (MAPCOV):      1
 Gradient Quick Value (GRDQ):               0.00000000000000
 STOCHASTIC OBJ VARIATION TOLERANCE FOR
 AUTOMATIC ISAMPLE ADJUSTMENT (STDOBJ):     1.00000000000000

 TOLERANCES FOR ESTIMATION/EVALUATION STEP:
 NRD (RELATIVE) VALUE OF TOLERANCE:   5
 ANRD (ABSOLUTE) VALUE OF TOLERANCE:  12
 TOLERANCES FOR COVARIANCE STEP:
 NRD (RELATIVE) VALUE OF TOLERANCE:   5
 ANRD (ABSOLUTE) VALUE OF TOLERANCE:  12

 THE FOLLOWING LABELS ARE EQUIVALENT
 PRED=PREDI
 RES=RESI
 WRES=WRESI
 IWRS=IWRESI
 IPRD=IPREDI
 IRS=IRESI

 EM/BAYES SETUP:
 THETAS THAT ARE MU MODELED:
   1   2   3   4
 THETAS THAT ARE SIGMA-LIKE:


 MONITORING OF SEARCH:

 iteration            0  OBJ=   3375.8745128460737 eff.=     307. Smpl.=     300. Fit.= 0.98451
 iteration            1  OBJ=   3261.8287793144495 eff.=     142. Smpl.=     300. Fit.= 0.93361
 iteration            2  OBJ=   3212.4711560577416 eff.=     111. Smpl.=     300. Fit.= 0.92731
 iteration            3  OBJ=   1480586.6949998531 eff.=     237. Smpl.=     300. Fit.= 0.94874
WARNING: GRADIENT TO FOLLOWING THETA IS ZERO:  10
WARNING: GRADIENT TO FOLLOWING THETA IS ZERO:  17
 iteration            4  OBJ=   1480566.5212998386 eff.=      98. Smpl.=     300. Fit.= 0.91062
WARNING: GRADIENT TO FOLLOWING THETA IS ZERO:  10
WARNING: GRADIENT TO FOLLOWING THETA IS ZERO:  17
 iteration            5  OBJ=   1480538.0443485375 eff.=      27. Smpl.=     300. Fit.= 0.85911
 iteration            6  OBJ=   1480454.0760550657 eff.=      89. Smpl.=     300. Fit.= 0.91045
WARNING: GRADIENT TO FOLLOWING THETA IS ZERO:  10
WARNING: GRADIENT TO FOLLOWING THETA IS ZERO:  17
 iteration            7  OBJ=   1480435.6834526449 eff.=     418. Smpl.=     300. Fit.= 0.94361
WARNING: GRADIENT TO FOLLOWING THETA IS ZERO:  10
WARNING: GRADIENT TO FOLLOWING THETA IS ZERO:  17
 iteration            8  OBJ=   1480455.5238803830 eff.=     143. Smpl.=     300. Fit.= 0.94446
WARNING: GRADIENT TO FOLLOWING THETA IS ZERO:  10
WARNING: GRADIENT TO FOLLOWING THETA IS ZERO:  17
 iteration            9  OBJ=   1480423.8341196608 eff.=      98. Smpl.=     300. Fit.= 0.90410
 iteration           10  OBJ=   1480440.9362246359 eff.=      49. Smpl.=     300. Fit.= 0.89617
WARNING: GRADIENT TO FOLLOWING THETA IS ZERO:  10
WARNING: GRADIENT TO FOLLOWING THETA IS ZERO:  17
 iteration           11  OBJ=   1480428.1485951885 eff.=      95. Smpl.=     300. Fit.= 0.91757
WARNING: GRADIENT TO FOLLOWING THETA IS ZERO:  10
WARNING: GRADIENT TO FOLLOWING THETA IS ZERO:  17
 iteration           12  OBJ=   1480416.1314753753 eff.=      58. Smpl.=     300. Fit.= 0.88892
WARNING: GRADIENT TO FOLLOWING THETA IS ZERO:  10
WARNING: GRADIENT TO FOLLOWING THETA IS ZERO:  17
 iteration           13  OBJ=   1480405.8702257243 eff.=      83. Smpl.=     300. Fit.= 0.90775
WARNING: GRADIENT TO FOLLOWING THETA IS ZERO:  10
WARNING: GRADIENT TO FOLLOWING THETA IS ZERO:  17
 iteration           14  OBJ=   1480396.7059017583 eff.=      76. Smpl.=     300. Fit.= 0.90519
WARNING: GRADIENT TO FOLLOWING THETA IS ZERO:  10
WARNING: GRADIENT TO FOLLOWING THETA IS ZERO:  17
 iteration           15  OBJ=   1480384.2999456688 eff.=      82. Smpl.=     300. Fit.= 0.91225
WARNING: GRADIENT TO FOLLOWING THETA IS ZERO:  10
WARNING: GRADIENT TO FOLLOWING THETA IS ZERO:  17
 iteration           16  OBJ=   1480372.5135819761 eff.=      85. Smpl.=     300. Fit.= 0.90739
WARNING: GRADIENT TO FOLLOWING THETA IS ZERO:  10
WARNING: GRADIENT TO FOLLOWING THETA IS ZERO:  17
 iteration           17  OBJ=   1480361.1608310558 eff.=      85. Smpl.=     300. Fit.= 0.91119
WARNING: GRADIENT TO FOLLOWING THETA IS ZERO:  10
WARNING: GRADIENT TO FOLLOWING THETA IS ZERO:  17
 iteration           18  OBJ=   1480349.2041075169 eff.=      97. Smpl.=     300. Fit.= 0.91435
WARNING: GRADIENT TO FOLLOWING THETA IS ZERO:  10
WARNING: GRADIENT TO FOLLOWING THETA IS ZERO:  17
 iteration           19  OBJ=   1480339.1804062366 eff.=      97. Smpl.=     300. Fit.= 0.91407
 iteration           20  OBJ=   1480339.4124987293 eff.=     138. Smpl.=     300. Fit.= 0.93642
 iteration           21  OBJ=  -231.99851883503428 eff.=     144. Smpl.=       0. Fit.=     NaN
 iteration           22  OBJ=  -211.99421637262856 eff.=     144. Smpl.=       0. Fit.=     NaN
 iteration           23  OBJ=  -140.84603227527188 eff.=     144. Smpl.=       0. Fit.=     NaN
 iteration           24  OBJ=  -67.835045979163922 eff.=     144. Smpl.=       0. Fit.=     NaN
 iteration           25  OBJ=  -8.7282295328158899 eff.=     144. Smpl.=       0. Fit.=     NaN
 iteration           26  OBJ=   60.642431620128704 eff.=     144. Smpl.=       0. Fit.=     NaN
 iteration           27  OBJ=   123.95916219635690 eff.=     144. Smpl.=       0. Fit.=     NaN
 iteration           28  OBJ=   176.08691258566259 eff.=     144. Smpl.=       0. Fit.=     NaN
 iteration           29  OBJ=   253.74978464575798 eff.=     144. Smpl.=       0. Fit.=     NaN

 #TERM:
 INDIVIDUAL OBJECTIVE FUNCTION VALUES ARE ALL ZERO. PROBLEM ENDED


 ETABAR IS THE ARITHMETIC MEAN OF THE ETA-ESTIMATES,
 AND THE P-VALUE IS GIVEN FOR THE NULL HYPOTHESIS THAT THE TRUE MEAN IS 0.

 ETABAR:         1.0639E-01    Infinity  1.8517E-01  2.1156E-01 -4.5249E+00
 SE:             3.5484E-01  0.0000E+00  6.9260E-01  5.1283E-01  3.1605E+00
 N:                      20          20          20          20          20

 P VAL.:         7.6431E-01  0.0000E+00  7.8920E-01  6.7994E-01  1.5223E-01

 ETASHRINKSD(%)  1.0000E-10  1.0000E+02  1.0000E-10  1.0000E-10  1.0000E-10
 ETASHRINKVR(%)  1.0000E-10  1.0000E+02  1.0000E-10  1.0000E-10  1.0000E-10
 EBVSHRINKSD(%)  0.0000E+00  0.0000E+00  0.0000E+00  0.0000E+00  0.0000E+00
 EBVSHRINKVR(%)  0.0000E+00  0.0000E+00  0.0000E+00  0.0000E+00  0.0000E+00
 EPSSHRINKSD(%)  1.0000E+02  1.0000E-10  1.0000E+02  1.0000E+02  1.0000E+02
 EPSSHRINKVR(%)  1.0000E+02  1.0000E-10  1.0000E+02  1.0000E+02  1.0000E+02


 TOTAL DATA POINTS NORMALLY DISTRIBUTED (N):           13
 N*LOG(2PI) CONSTANT TO OBJECTIVE FUNCTION:    23.892401863321489
 OBJECTIVE FUNCTION VALUE WITHOUT CONSTANT:                        NaN
 OBJECTIVE FUNCTION VALUE WITH CONSTANT:                           NaN
 REPORTED OBJECTIVE FUNCTION DOES NOT CONTAIN CONSTANT

 TOTAL EFFECTIVE ETAS (NIND*NETA):                           100

 #TERE:
 Elapsed estimation  time in seconds:  1084.91
1


 #TBLN:      2
 #METH: Objective Function Evaluation by Importance Sampling (No Prior)

 ESTIMATION STEP OMITTED:                 NO
 ANALYSIS TYPE:                           POPULATION
 NUMBER OF SADDLE POINT RESET ITERATIONS:      0
 GRADIENT METHOD USED:               NOSLOW
 CONDITIONAL ESTIMATES USED:              YES
 CENTERED ETA:                            NO
 EPS-ETA INTERACTION:                     YES
 LAPLACIAN OBJ. FUNC.:                    NO
 NO. OF FUNCT. EVALS. ALLOWED:            9999
 NO. OF SIG. FIGURES REQUIRED:            3
 INTERMEDIATE PRINTOUT:                   YES
 ESTIMATE OUTPUT TO MSF:                  NO
 IND. OBJ. FUNC. VALUES SORTED:           NO
 NUMERICAL DERIVATIVE
       FILE REQUEST (NUMDER):               NONE
 MAP (ETAHAT) ESTIMATION METHOD (OPTMAP):   0
 ETA HESSIAN EVALUATION METHOD (ETADER):    0
 INITIAL ETA FOR MAP ESTIMATION (MCETA):    3
 SIGDIGITS FOR MAP ESTIMATION (SIGLO):      100
 GRADIENT SIGDIGITS OF
       FIXED EFFECTS PARAMETERS (SIGL):     100
 NOPRIOR SETTING (NOPRIOR):                 ON
 NOCOV SETTING (NOCOV):                     OFF
 DERCONT SETTING (DERCONT):                 OFF
 FINAL ETA RE-EVALUATION (FNLETA):          ON
 EXCLUDE NON-INFLUENTIAL (NON-INFL.) ETAS
       IN SHRINKAGE (ETASTYPE):             NO
 NON-INFL. ETA CORRECTION (NONINFETA):      OFF
 RAW OUTPUT FILE (FILE): run477_IMP.ext
 EXCLUDE TITLE (NOTITLE):                   NO
 EXCLUDE COLUMN LABELS (NOLABEL):           NO
 FORMAT FOR ADDITIONAL FILES (FORMAT):      S1PE12.5
 PARAMETER ORDER FOR OUTPUTS (ORDER):       TSOL
 WISHART PRIOR DF INTERPRETATION (WISHTYPE):0
 KNUTHSUMOFF:                               0
 INCLUDE LNTWOPI:                           NO
 INCLUDE CONSTANT TERM TO PRIOR (PRIORC):   NO
 INCLUDE CONSTANT TERM TO OMEGA (ETA) (OLNTWOPI):NO
 EM OR BAYESIAN METHOD USED:                IMPORTANCE SAMPLING (IMP)
 MU MODELING PATTERN (MUM):
 GRADIENT/GIBBS PATTERN (GRD):
 AUTOMATIC SETTING FEATURE (AUTO):          ON
 CONVERGENCE TYPE (CTYPE):                  3
 CONVERGENCE INTERVAL (CINTERVAL):          1
 CONVERGENCE ITERATIONS (CITER):            10
 CONVERGENCE ALPHA ERROR (CALPHA):          5.000000000000000E-02
 ITERATIONS (NITER):                        10
 ANEAL SETTING (CONSTRAIN):                 1
 STARTING SEED FOR MC METHODS (SEED):       11456
 MC SAMPLES PER SUBJECT (ISAMPLE):          10000
 RANDOM SAMPLING METHOD (RANMETHOD):        3U
 EXPECTATION ONLY (EONLY):                  1
 PROPOSAL DENSITY SCALING RANGE
              (ISCALE_MIN, ISCALE_MAX):     0.100000000000000       ,10.0000000000000
 SAMPLE ACCEPTANCE RATE (IACCEPT):          0.00000000000000
 LONG TAIL SAMPLE ACCEPT. RATE (IACCEPTL):   0.00000000000000
 T-DIST. PROPOSAL DENSITY (DF):             0
 NO. ITERATIONS FOR MAP (MAPITER):          1
 INTERVAL ITER. FOR MAP (MAPINTER):         0
 MAP COVARIANCE/MODE SETTING (MAPCOV):      1
 Gradient Quick Value (GRDQ):               0.00000000000000

 TOLERANCES FOR ESTIMATION/EVALUATION STEP:
 NRD (RELATIVE) VALUE OF TOLERANCE:   5
 ANRD (ABSOLUTE) VALUE OF TOLERANCE:  12
 TOLERANCES FOR COVARIANCE STEP:
 NRD (RELATIVE) VALUE OF TOLERANCE:   5
 ANRD (ABSOLUTE) VALUE OF TOLERANCE:  12

 THE FOLLOWING LABELS ARE EQUIVALENT
 PRED=PREDI
 RES=RESI
 WRES=WRESI
 IWRS=IWRESI
 IPRD=IPREDI
 IRS=IRESI

 EM/BAYES SETUP:
 THETAS THAT ARE MU MODELED:

 THETAS THAT ARE SIGMA-LIKE:


 MONITORING OF SEARCH:

0PRED EXIT CODE = 1
0INDIVIDUAL NO.       1   ID= 5.00000000000000E+00   (WITHIN-INDIVIDUAL) DATA REC NO.   2
 THETA=
  3.99E-01   0.00E+00   5.65E+01   1.12E+03   4.91E+00   2.02E+02   8.23E-01   3.65E+01   4.94E-06   0.00E+00
  1.88E-01   0.00E+00   0.00E+00   2.38E+00   1.93E-01   0.00E+00   5.74E-02   2.38E-01   0.00E+00   2.28E+00
 OCCURS DURING SEARCH FOR ETA AT INITIAL VALUE, ETA=0
 NUMERICAL DIFFICULTIES WITH INTEGRATION ROUTINE.
 NO. OF REQUIRED SIGNIFICANT DIGITS IN SOLUTION VECTOR
 TO DIFFERENTIAL EQUATIONS,   5, MAY BE TOO LARGE.
0PROGRAM TERMINATED BY OBJ
 MESSAGE ISSUED FROM ESTIMATION STEP
1THERE ARE ERROR MESSAGES IN FILE PRDERR
 #CPUT: Total CPU Time in Seconds,     1080.842
Stop Time:
Fri Oct  8 17:53:42 CEST 2021
