Fri Sep 22 13:17:07 CEST 2023
$PROBLEM    PHENOBARB SIMPLE MODEL
$DATA      pheno.dta IGNORE=@
$INPUT      ID TIME AMT WGT APGR DV
$SUBROUTINE ADVAN1 TRANS2
$PK
CL=THETA(1)*EXP(ETA(1))
V=THETA(2)*EXP(ETA(2))
S1=V

$ERROR
Y=F+F*EPS(1)

$THETA  (0,0.00469307) ; TVCL
$THETA  (0,1.00916) ; TVV
$OMEGA  0.0309626  ;       IVCL
$OMEGA  0.031128  ;        IVV
$SIGMA  0.013241
$ESTIMATION METHOD=1 INTERACTION MSFO=pheno_design.msf

$PROBLEM    DESIGN
$DATA      pheno.dta IGNORE=@ REWIND
$INPUT      ID TIME AMT WGT APGR DV
$MSFI      pheno_design.msf
$DESIGN     APPROX=FO FIMDIAG=1 GROUPSIZE=1 OFVTYPE=1


NM-TRAN MESSAGES
  
 WARNINGS AND ERRORS (IF ANY) FOR PROBLEM    1
             
 (WARNING  2) NM-TRAN INFERS THAT THE DATA ARE POPULATION.
  
 WARNINGS AND ERRORS (IF ANY) FOR PROBLEM    2
             
 (WARNING  2) NM-TRAN INFERS THAT THE DATA ARE POPULATION.
  
Note: Analytical 2nd Derivatives are constructed in FSUBS but are never used.
      You may insert $ABBR DERIV2=NO after the first $PROB to save FSUBS construction and compilation time
  

License Registered to: Uppsala University
Expiration Date:    14 MAR 2024
Current Date:       22 SEP 2023
Days until program expires : 177
1NONLINEAR MIXED EFFECTS MODEL PROGRAM (NONMEM) VERSION 7.5.1
 ORIGINALLY DEVELOPED BY STUART BEAL, LEWIS SHEINER, AND ALISON BOECKMANN
 CURRENT DEVELOPERS ARE ROBERT BAUER, ICON DEVELOPMENT SOLUTIONS,
 AND ALISON BOECKMANN. IMPLEMENTATION, EFFICIENCY, AND STANDARDIZATION
 PERFORMED BY NOUS INFOSYSTEMS.

 PROBLEM NO.:         1
 PHENOBARB SIMPLE MODEL
0DATA CHECKOUT RUN:              NO
 DATA SET LOCATED ON UNIT NO.:    2
 THIS UNIT TO BE REWOUND:        NO
 NO. OF DATA RECS IN DATA SET:      744
 NO. OF DATA ITEMS IN DATA SET:   8
 ID DATA ITEM IS DATA ITEM NO.:   1
 DEP VARIABLE IS DATA ITEM NO.:   6
 MDV DATA ITEM IS DATA ITEM NO.:  8
0INDICES PASSED TO SUBROUTINE PRED:
   7   2   3   0   0   0   0   0   0   0   0
0LABELS FOR DATA ITEMS:
 ID TIME AMT WGT APGR DV EVID MDV
0FORMAT FOR DATA:
 (6E6.0,2F2.0)

 TOT. NO. OF OBS RECS:      155
 TOT. NO. OF INDIVIDUALS:       59
0LENGTH OF THETA:   2
0DEFAULT THETA BOUNDARY TEST OMITTED:    NO
0OMEGA HAS SIMPLE DIAGONAL FORM WITH DIMENSION:   2
0DEFAULT OMEGA BOUNDARY TEST OMITTED:    NO
0SIGMA HAS SIMPLE DIAGONAL FORM WITH DIMENSION:   1
0DEFAULT SIGMA BOUNDARY TEST OMITTED:    NO
0INITIAL ESTIMATE OF THETA:
 LOWER BOUND    INITIAL EST    UPPER BOUND
  0.0000E+00     0.4693E-02     0.1000E+07
  0.0000E+00     0.1009E+01     0.1000E+07
0INITIAL ESTIMATE OF OMEGA:
 0.3096E-01
 0.0000E+00   0.3113E-01
0INITIAL ESTIMATE OF SIGMA:
 0.1324E-01
1DOUBLE PRECISION PREDPP VERSION 7.5.1

 ONE COMPARTMENT MODEL (ADVAN1)
0MAXIMUM NO. OF BASIC PK PARAMETERS:   2
0BASIC PK PARAMETERS (AFTER TRANSLATION):
   ELIMINATION RATE (K) IS BASIC PK PARAMETER NO.:  1

 TRANSLATOR WILL CONVERT PARAMETERS
 CLEARANCE (CL) AND VOLUME (V) TO K (TRANS2)
0COMPARTMENT ATTRIBUTES
 COMPT. NO.   FUNCTION   INITIAL    ON/OFF      DOSE      DEFAULT    DEFAULT
                         STATUS     ALLOWED    ALLOWED    FOR DOSE   FOR OBS.
    1         CENTRAL      ON         NO         YES        YES        YES
    2         OUTPUT       OFF        YES        NO         NO         NO
1
 ADDITIONAL PK PARAMETERS - ASSIGNMENT OF ROWS IN GG
 COMPT. NO.                             INDICES
              SCALE      BIOAVAIL.   ZERO-ORDER  ZERO-ORDER  ABSORB
                         FRACTION    RATE        DURATION    LAG
    1            3           *           *           *           *
    2            *           -           -           -           -
             - PARAMETER IS NOT ALLOWED FOR THIS MODEL
             * PARAMETER IS NOT SUPPLIED BY PK SUBROUTINE;
               WILL DEFAULT TO ONE IF APPLICABLE
0ERROR IN LOG Y IS MODELED
0DATA ITEM INDICES USED BY PRED ARE:
   EVENT ID DATA ITEM IS DATA ITEM NO.:      7
   TIME DATA ITEM IS DATA ITEM NO.:          2
   DOSE AMOUNT DATA ITEM IS DATA ITEM NO.:   3

0PK SUBROUTINE CALLED WITH EVERY EVENT RECORD.
 PK SUBROUTINE NOT CALLED AT NONEVENT (ADDITIONAL OR LAGGED) DOSE TIMES.
0DURING SIMULATION, ERROR SUBROUTINE CALLED WITH EVERY EVENT RECORD.
 OTHERWISE, ERROR SUBROUTINE CALLED ONCE IN THIS PROBLEM.
1


 #TBLN:      1
 #METH: First Order Conditional Estimation with Interaction

 ESTIMATION STEP OMITTED:                 NO
 ANALYSIS TYPE:                           POPULATION
 NUMBER OF SADDLE POINT RESET ITERATIONS:      0
 GRADIENT METHOD USED:               NOSLOW
 CONDITIONAL ESTIMATES USED:              YES
 CENTERED ETA:                            NO
 EPS-ETA INTERACTION:                     YES
 LAPLACIAN OBJ. FUNC.:                    NO
 NO. OF FUNCT. EVALS. ALLOWED:            224
 NO. OF SIG. FIGURES REQUIRED:            3
 INTERMEDIATE PRINTOUT:                   YES
 ESTIMATE OUTPUT TO MSF:                  YES
 IND. OBJ. FUNC. VALUES SORTED:           NO
 NUMERICAL DERIVATIVE
       FILE REQUEST (NUMDER):               NONE
 MAP (ETAHAT) ESTIMATION METHOD (OPTMAP):   0
 ETA HESSIAN EVALUATION METHOD (ETADER):    0
 INITIAL ETA FOR MAP ESTIMATION (MCETA):    0
 SIGDIGITS FOR MAP ESTIMATION (SIGLO):      100
 GRADIENT SIGDIGITS OF
       FIXED EFFECTS PARAMETERS (SIGL):     100
 NOPRIOR SETTING (NOPRIOR):                 0
 NOCOV SETTING (NOCOV):                     OFF
 DERCONT SETTING (DERCONT):                 OFF
 FINAL ETA RE-EVALUATION (FNLETA):          1
 EXCLUDE NON-INFLUENTIAL (NON-INFL.) ETAS
       IN SHRINKAGE (ETASTYPE):             NO
 NON-INFL. ETA CORRECTION (NONINFETA):      0
 RAW OUTPUT FILE (FILE): psn.ext
 EXCLUDE TITLE (NOTITLE):                   NO
 EXCLUDE COLUMN LABELS (NOLABEL):           NO
 FORMAT FOR ADDITIONAL FILES (FORMAT):      S1PE12.5
 PARAMETER ORDER FOR OUTPUTS (ORDER):       TSOL
 KNUTHSUMOFF:                               0
 INCLUDE LNTWOPI:                           NO
 INCLUDE CONSTANT TERM TO PRIOR (PRIORC):   NO
 INCLUDE CONSTANT TERM TO OMEGA (ETA) (OLNTWOPI):NO
 ADDITIONAL CONVERGENCE TEST (CTYPE=4)?:    NO
 EM OR BAYESIAN METHOD USED:                 NONE


 THE FOLLOWING LABELS ARE EQUIVALENT
 PRED=PREDI
 RES=RESI
 WRES=WRESI
 IWRS=IWRESI
 IPRD=IPREDI
 IRS=IRESI

 MONITORING OF SEARCH:


0ITERATION NO.:    0    OBJECTIVE VALUE:   1113.06232158297        NO. OF FUNC. EVALS.:   5
 CUMULATIVE NO. OF FUNC. EVALS.:        5
 NPARAMETR:  4.6931E-03  1.0092E+00  3.0963E-02  3.1128E-02  1.3241E-02
 PARAMETER:  1.0000E-01  1.0000E-01  1.0000E-01  1.0000E-01  1.0000E-01
 GRADIENT:  -2.8451E+02 -1.0238E+03 -7.2108E+01 -6.1822E+02 -3.0423E+02

0ITERATION NO.:   26    OBJECTIVE VALUE:   730.969906028575        NO. OF FUNC. EVALS.: 220
 CUMULATIVE NO. OF FUNC. EVALS.:      225
 NPARAMETR:  5.8375E-03  1.4367E+00  1.3505E-01  1.9860E-01  1.5690E-02
 PARAMETER:  3.1821E-01  4.5323E-01  8.3642E-01  1.0266E+00  1.8484E-01
 GRADIENT:  -6.2109E-01 -3.2492E+00  1.1561E+00 -1.0268E-01 -1.0456E-01

 #TERM:
0MINIMIZATION TERMINATED
 DUE TO MAX. NO. OF FUNCTION EVALUATIONS EXCEEDED
 NO. OF FUNCTION EVALUATIONS USED:      225
 NO. OF SIG. DIGITS UNREPORTABLE

 ETABAR IS THE ARITHMETIC MEAN OF THE ETA-ESTIMATES,
 AND THE P-VALUE IS GIVEN FOR THE NULL HYPOTHESIS THAT THE TRUE MEAN IS 0.

 ETABAR:         1.4876E-02  2.9134E-05
 SE:             3.1412E-02  5.6382E-02
 N:                      59          59

 P VAL.:         6.3579E-01  9.9959E-01

 ETASHRINKSD(%)  3.4344E+01  2.8213E+00
 ETASHRINKVR(%)  5.6893E+01  5.5629E+00
 EBVSHRINKSD(%)  3.4768E+01  3.0269E+00
 EBVSHRINKVR(%)  5.7448E+01  5.9621E+00
 RELATIVEINF(%)  4.2088E+01  9.3013E+01
 EPSSHRINKSD(%)  3.0140E+01
 EPSSHRINKVR(%)  5.1196E+01

  
 TOTAL DATA POINTS NORMALLY DISTRIBUTED (N):          155
 N*LOG(2PI) CONSTANT TO OBJECTIVE FUNCTION:    284.87094529344853     
 OBJECTIVE FUNCTION VALUE WITHOUT CONSTANT:    730.96990602857545     
 OBJECTIVE FUNCTION VALUE WITH CONSTANT:       1015.8408513220240     
 REPORTED OBJECTIVE FUNCTION DOES NOT CONTAIN CONSTANT
  
 TOTAL EFFECTIVE ETAS (NIND*NETA):                           118
  
 #TERE:
 Elapsed estimation  time in seconds:     1.24
 Elapsed postprocess time in seconds:     0.00
1
 
 
 
 
 
 
 
 
 
 
 
 
 
 
 
 
 
 
 
 
 ************************************************************************************************************************
 ********************                                                                                ********************
 ********************               FIRST ORDER CONDITIONAL ESTIMATION WITH INTERACTION              ********************
 #OBJT:**************                       MINIMUM VALUE OF OBJECTIVE FUNCTION                      ********************
 ********************                                                                                ********************
 ************************************************************************************************************************
 





 #OBJV:********************************************      730.970       **************************************************
1
 ************************************************************************************************************************
 ********************                                                                                ********************
 ********************               FIRST ORDER CONDITIONAL ESTIMATION WITH INTERACTION              ********************
 ********************                             FINAL PARAMETER ESTIMATE                           ********************
 ********************                                                                                ********************
 ************************************************************************************************************************
 


 THETA - VECTOR OF FIXED EFFECTS PARAMETERS   *********


         TH 1      TH 2     
 
         5.84E-03  1.44E+00
 


 OMEGA - COV MATRIX FOR RANDOM EFFECTS - ETAS  ********


         ETA1      ETA2     
 
 ETA1
+        1.35E-01
 
 ETA2
+        0.00E+00  1.99E-01
 


 SIGMA - COV MATRIX FOR RANDOM EFFECTS - EPSILONS  ****


         EPS1     
 
 EPS1
+        1.57E-02
 
1


 OMEGA - CORR MATRIX FOR RANDOM EFFECTS - ETAS  *******


         ETA1      ETA2     
 
 ETA1
+        3.67E-01
 
 ETA2
+        0.00E+00  4.46E-01
 


 SIGMA - CORR MATRIX FOR RANDOM EFFECTS - EPSILONS  ***


         EPS1     
 
 EPS1
+        1.25E-01
 
 Elapsed finaloutput time in seconds:     0.01
1
 PROBLEM NO.:         2
 DESIGN
0DATA CHECKOUT RUN:              NO
 DATA SET LOCATED ON UNIT NO.:    2
 THIS UNIT TO BE REWOUND:        NO
 NO. OF DATA RECS IN DATA SET:      744
 NO. OF DATA ITEMS IN DATA SET:   8
 ID DATA ITEM IS DATA ITEM NO.:   1
 DEP VARIABLE IS DATA ITEM NO.:   6
 MDV DATA ITEM IS DATA ITEM NO.:  8
0INDICES PASSED TO SUBROUTINE PRED:
   7   2   3   0   0   0   0   0   0   0   0
0LABELS FOR DATA ITEMS:
 ID TIME AMT WGT APGR DV EVID MDV
0FORMAT FOR DATA:
 (6E6.0,2F2.0)

 TOT. NO. OF OBS RECS:      155
 TOT. NO. OF INDIVIDUALS:       59
0MODEL SPECIFICATION FILE INPUT
 EST. RESCALED:   NO
0COVARIANCE STEP OMITTED:        NO
 R MATRIX SUBSTITUTED:          YES
 S MATRIX SUBSTITUTED:           NO
 EIGENVLS. PRINTED:              NO
 COMPRESSED FORMAT:              NO
 GRADIENT METHOD USED:     NOSLOW
 SIGDIGITS ETAHAT (SIGLO):                  -1
 SIGDIGITS GRADIENTS (SIGL):                -1
 EXCLUDE COV FOR FOCE (NOFCOV):              NO
 Cholesky Transposition of R Matrix (CHOLROFF):0
 KNUTHSUMOFF:                                -1
 RESUME COV ANALYSIS (RESUME):               NO
 SIR SAMPLE SIZE (SIRSAMPLE):
 NON-LINEARLY TRANSFORM THETAS DURING COV (THBND): 1
 PRECONDTIONING CYCLES (PRECOND):        0
 PRECONDTIONING TYPES (PRECONDS):        TOS
 FORCED PRECONDTIONING CYCLES (PFCOND):0
 PRECONDTIONING TYPE (PRETYPE):        0
 FORCED POS. DEFINITE SETTING DURING PRECONDITIONING: (FPOSDEF):0
 SIMPLE POS. DEFINITE SETTING: (POSDEF):-1
1
 ADDITIONAL PK PARAMETERS - ASSIGNMENT OF ROWS IN GG
 COMPT. NO.                             INDICES
              SCALE      BIOAVAIL.   ZERO-ORDER  ZERO-ORDER  ABSORB
                         FRACTION    RATE        DURATION    LAG
    1            3           *           *           *           *
    2            *           -           -           -           -
             - PARAMETER IS NOT ALLOWED FOR THIS MODEL
             * PARAMETER IS NOT SUPPLIED BY PK SUBROUTINE;
               WILL DEFAULT TO ONE IF APPLICABLE
0ERROR IN LOG Y IS MODELED
0DATA ITEM INDICES USED BY PRED ARE:
   EVENT ID DATA ITEM IS DATA ITEM NO.:      7
   TIME DATA ITEM IS DATA ITEM NO.:          2
   DOSE AMOUNT DATA ITEM IS DATA ITEM NO.:   3

0PK SUBROUTINE CALLED WITH EVERY EVENT RECORD.
 PK SUBROUTINE NOT CALLED AT NONEVENT (ADDITIONAL OR LAGGED) DOSE TIMES.
0DURING SIMULATION, ERROR SUBROUTINE CALLED WITH EVERY EVENT RECORD.
 OTHERWISE, ERROR SUBROUTINE CALLED ONCE IN THIS PROBLEM.
1


 #TBLN:      2
 #METH: First Order (Evaluation): D-OPTIMALITY

 ESTIMATION STEP OMITTED:                 YES
 ANALYSIS TYPE:                           POPULATION
 POP. ETAS OBTAINED POST HOC:             YES
 DESIGN TYPE: D-OPTIMALITY, -LOG(DET(FIM))
 SIMULATE OBSERVED DATA FOR DESIGN:  NO
 BLOCK DIAGONALIZATION TYPE FOR DESIGN:  1
 STANDARD NONMEM RESIDUAL VARIANCE MODELING (VAR_CROSS=0)
 DESIGN GROUPSIZE=  1.0000000000000000E+00
 OPTIMALITY RANDOM GENERATION SEED: 11456

 THE FOLLOWING LABELS ARE EQUIVALENT
 PRED=NPRED
 RES=NRES
 WRES=NWRES
 IWRS=NIWRES
 IPRD=NIPRED
 IRS=NIRES

 #TERM:

 ETABAR IS THE ARITHMETIC MEAN OF THE ETA-ESTIMATES,
 AND THE P-VALUE IS GIVEN FOR THE NULL HYPOTHESIS THAT THE TRUE MEAN IS 0.

 ETABAR:         1.4876E-02  2.9134E-05
 SE:             3.1412E-02  5.6382E-02
 N:                      59          59

 P VAL.:         6.3579E-01  9.9959E-01

 ETASHRINKSD(%)  3.4344E+01  2.8213E+00
 ETASHRINKVR(%)  5.6893E+01  5.5629E+00
 EBVSHRINKSD(%)  3.4768E+01  3.0269E+00
 EBVSHRINKVR(%)  5.7448E+01  5.9621E+00
 RELATIVEINF(%)  4.2088E+01  9.3013E+01
 EPSSHRINKSD(%)  5.1142E+01
 EPSSHRINKVR(%)  7.6129E+01

 #TERE:
 Elapsed opt. design time in seconds:     0.02
 Elapsed postprocess time in seconds:     0.00
1
 
 
 
 
 
 
 
 
 
 
 
 
 
 
 
 
 
 
 
 
 ************************************************************************************************************************
 ********************                                                                                ********************
 ********************                      FIRST ORDER (EVALUATION): D-OPTIMALITY                    ********************
 #OBJT:**************                MINIMUM VALUE OF OBJECTIVE FUNCTION: D-OPTIMALITY               ********************
 ********************                                                                                ********************
 ************************************************************************************************************************
 





 #OBJV:********************************************      -44.507       **************************************************
1
 ************************************************************************************************************************
 ********************                                                                                ********************
 ********************                      FIRST ORDER (EVALUATION): D-OPTIMALITY                    ********************
 ********************                             FINAL PARAMETER ESTIMATE                           ********************
 ********************                                                                                ********************
 ************************************************************************************************************************
 


 THETA - VECTOR OF FIXED EFFECTS PARAMETERS   *********


         TH 1      TH 2     
 
         5.84E-03  1.44E+00
 


 OMEGA - COV MATRIX FOR RANDOM EFFECTS - ETAS  ********


         ETA1      ETA2     
 
 ETA1
+        1.35E-01
 
 ETA2
+        0.00E+00  1.99E-01
 


 SIGMA - COV MATRIX FOR RANDOM EFFECTS - EPSILONS  ****


         EPS1     
 
 EPS1
+        1.57E-02
 
1


 OMEGA - CORR MATRIX FOR RANDOM EFFECTS - ETAS  *******


         ETA1      ETA2     
 
 ETA1
+        3.67E-01
 
 ETA2
+        0.00E+00  4.46E-01
 


 SIGMA - CORR MATRIX FOR RANDOM EFFECTS - EPSILONS  ***


         EPS1     
 
 EPS1
+        1.25E-01
 
1
 ************************************************************************************************************************
 ********************                                                                                ********************
 ********************                      FIRST ORDER (EVALUATION): D-OPTIMALITY                    ********************
 ********************                            STANDARD ERROR OF ESTIMATE                          ********************
 ********************                                                                                ********************
 ************************************************************************************************************************
 


 THETA - VECTOR OF FIXED EFFECTS PARAMETERS   *********


         TH 1      TH 2     
 
         4.40E-04  8.66E-02
 


 OMEGA - COV MATRIX FOR RANDOM EFFECTS - ETAS  ********


         ETA1      ETA2     
 
 ETA1
+        5.26E-02
 
 ETA2
+       .........  3.90E-02
 


 SIGMA - COV MATRIX FOR RANDOM EFFECTS - EPSILONS  ****


         EPS1     
 
 EPS1
+        2.93E-03
 
1


 OMEGA - CORR MATRIX FOR RANDOM EFFECTS - ETAS  *******


         ETA1      ETA2     
 
 ETA1
+        7.16E-02
 
 ETA2
+       .........  4.37E-02
 


 SIGMA - CORR MATRIX FOR RANDOM EFFECTS - EPSILONS  ***


         EPS1     
 
 EPS1
+        1.17E-02
 
1
 ************************************************************************************************************************
 ********************                                                                                ********************
 ********************                      FIRST ORDER (EVALUATION): D-OPTIMALITY                    ********************
 ********************                          COVARIANCE MATRIX OF ESTIMATE                         ********************
 ********************                                                                                ********************
 ************************************************************************************************************************
 

     TH 1 | TH 1      TH 2 | TH 1      TH 2 | TH 2    OM11 | TH 1      OM11 | TH 2      OM11 | OM11      OM22 | TH 1    
     1.94E-07        -4.51E-06         7.51E-03         0.00E+00         0.00E+00         2.77E-03         0.00E+00

   OM22 | TH 2      OM22 | OM11      OM22 | OM22      SG11 | TH 1      SG11 | TH 2      SG11 | OM11      SG11 | OM22    
     0.00E+00        -1.52E-07         1.52E-03         0.00E+00         0.00E+00        -4.65E-05        -5.56E-06

   SG11 | SG11      
     8.56E-06
1
 ************************************************************************************************************************
 ********************                                                                                ********************
 ********************                      FIRST ORDER (EVALUATION): D-OPTIMALITY                    ********************
 ********************                          CORRELATION MATRIX OF ESTIMATE                        ********************
 ********************                                                                                ********************
 ************************************************************************************************************************
 

     TH 1 | TH 1      TH 2 | TH 1      TH 2 | TH 2    OM11 | TH 1      OM11 | TH 2      OM11 | OM11      OM22 | TH 1    
     4.40E-04        -1.18E-01         8.66E-02         0.00E+00         0.00E+00         5.26E-02         0.00E+00

   OM22 | TH 2      OM22 | OM11      OM22 | OM22      SG11 | TH 1      SG11 | TH 2      SG11 | OM11      SG11 | OM22    
     0.00E+00        -7.40E-05         3.90E-02         0.00E+00         0.00E+00        -3.02E-01        -4.87E-02

   SG11 | SG11      
     2.93E-03
1
 ************************************************************************************************************************
 ********************                                                                                ********************
 ********************                      FIRST ORDER (EVALUATION): D-OPTIMALITY                    ********************
 ********************                      INVERSE COVARIANCE MATRIX OF ESTIMATE                     ********************
 ********************                                                                                ********************
 ************************************************************************************************************************
 

     TH 1 | TH 1      TH 2 | TH 1      TH 2 | TH 2    OM11 | TH 1      OM11 | TH 2      OM11 | OM11      OM22 | TH 1    
     5.23E+06         3.14E+03         1.35E+02         0.00E+00         0.00E+00         3.98E+02         0.00E+00

   OM22 | TH 2      OM22 | OM11      OM22 | OM22      SG11 | TH 1      SG11 | TH 2      SG11 | OM11      SG11 | OM22    
     0.00E+00         7.94E+00         6.59E+02         0.00E+00         0.00E+00         2.16E+03         4.71E+02

   SG11 | SG11      
     1.29E+05
 Elapsed finaloutput time in seconds:     0.00
 #CPUT: Total CPU Time in Seconds,        1.232
Stop Time:
Fri Sep 22 13:17:21 CEST 2023
