ons  5 aug 2020 11:42:30 CEST
;; 1. Based on: 5
$PROBLEM    PHENOBARB SIMPLE MODEL
$INPUT      ID DV MDV OPRED D_EPS1 TIME AMT WGT APGR FA1 FA2 D_ETA1
            D_ETA2 OETA1 OETA2 D_EPSETA1_1 D_EPSETA1_2
$DATA      ../../pheno_real_linbase.dta IGNORE=@ IGNORE(MDV.NEN.0)
$PRED
BASE1=D_ETA1*(ETA(1)-OETA1)
BASE2=D_ETA2*(ETA(2)-OETA2)
BSUM1=BASE1+BASE2
BASE_TERMS=BSUM1
IPRED=OPRED+BASE_TERMS
ERR1=EPS(1)*(D_EPS1+D_EPSETA1_1*(ETA(1)-OETA1))
ERR2=EPS(1)*(D_EPSETA1_2*(ETA(2)-OETA2))
ESUM1=ERR1+ERR2
ERROR_TERMS=ESUM1
Y=IPRED+ERROR_TERMS
$OMEGA  DIAGONAL(2)
 0.0293456  ;       IVCL
 0.0279067  ;        IVV
$SIGMA  0.0132416
;$SIGMA  0.0130865
$ETAS       FILE=pheno_real.phi
$ESTIMATION MCETA=1 METHOD=COND INTERACTION MAXEVALS=9999999 PRINT=1


NM-TRAN MESSAGES
  
 WARNINGS AND ERRORS (IF ANY) FOR PROBLEM    1
             
 (WARNING  2) NM-TRAN INFERS THAT THE DATA ARE POPULATION.

License Registered to: Uppsala University
Expiration Date:    14 MAR 2021
Current Date:        5 AUG 2020
Days until program expires : 224
1NONLINEAR MIXED EFFECTS MODEL PROGRAM (NONMEM) VERSION 7.4.4
 ORIGINALLY DEVELOPED BY STUART BEAL, LEWIS SHEINER, AND ALISON BOECKMANN
 CURRENT DEVELOPERS ARE ROBERT BAUER, ICON DEVELOPMENT SOLUTIONS,
 AND ALISON BOECKMANN. IMPLEMENTATION, EFFICIENCY, AND STANDARDIZATION
 PERFORMED BY NOUS INFOSYSTEMS.
 
 PROBLEM NO.:         1
 PHENOBARB SIMPLE MODEL                                                  
0DATA CHECKOUT RUN:              NO 
 DATA SET LOCATED ON UNIT NO.:    2
 THIS UNIT TO BE REWOUND:        NO 
 NO. OF DATA RECS IN DATA SET:      155
 NO. OF DATA ITEMS IN DATA SET:  17
 ID DATA ITEM IS DATA ITEM NO.:   1
 DEP VARIABLE IS DATA ITEM NO.:   2
 MDV DATA ITEM IS DATA ITEM NO.:  3
0LABELS FOR DATA ITEMS:
 ID DV MDV OPRED D_EPS1 TIME AMT WGT APGR FA1 FA2 D_ETA1 D_ETA2 OETA1 OETA2 D_EPSETA1_1 D_EPSETA1_2
0FORMAT FOR DATA:
 (E15.0,2E22.0/3E22.0/3E22.0/2E22.0,E23.0/3E23.0/2E23.0)                         
 
 TOT. NO. OF OBS RECS:      155
 TOT. NO. OF INDIVIDUALS:       59
0LENGTH OF THETA:   0
0DEFAULT THETA BOUNDARY TEST OMITTED:    NO 
0OMEGA HAS SIMPLE DIAGONAL FORM WITH DIMENSION:   2
0DEFAULT OMEGA BOUNDARY TEST OMITTED:    NO 
0SIGMA HAS SIMPLE DIAGONAL FORM WITH DIMENSION:   1
0DEFAULT SIGMA BOUNDARY TEST OMITTED:    NO 
0INITIAL ESTIMATE OF OMEGA:
 0.2935E-01
 0.0000E+00   0.2791E-01
0INITIAL ESTIMATE OF SIGMA:
 0.1324E-01
1


 #TBLN:      1
 #METH: First Order Conditional Estimation with Interaction

 ESTIMATION STEP OMITTED:                 NO  
 ANALYSIS TYPE:                           POPULATION
 NUMBER OF SADDLE POINT RESET ITERATIONS:      0
 GRADIENT METHOD USED:               NOSLOW
 CONDITIONAL ESTIMATES USED:              YES 
 CENTERED ETA:                            NO  
 EPS-ETA INTERACTION:                     YES 
 LAPLACIAN OBJ. FUNC.:                    NO  
 NO. OF FUNCT. EVALS. ALLOWED:            9999999
 NO. OF SIG. FIGURES REQUIRED:            3
 INTERMEDIATE PRINTOUT:                   YES 
 ESTIMATE OUTPUT TO MSF:                  NO  
 IND. OBJ. FUNC. VALUES SORTED:           NO  
 NUMERICAL DERIVATIVE 
       FILE REQUEST (NUMDER):               NONE
 MAP (ETAHAT) ESTIMATION METHOD (OPTMAP):   0           
 ETA HESSIAN EVALUATION METHOD (ETADER):    0           
 INITIAL ETA FOR MAP ESTIMATION (MCETA):    1           
 SIGDIGITS FOR MAP ESTIMATION (SIGLO):      100         
 GRADIENT SIGDIGITS OF 
       FIXED EFFECTS PARAMETERS (SIGL):     100         
 NOPRIOR SETTING (NOPRIOR):                 OFF       
 NOCOV SETTING (NOCOV):                     OFF       
 DERCONT SETTING (DERCONT):                 OFF       
 FINAL ETA RE-EVALUATION (FNLETA):          ON        
 EXCLUDE NON-INFLUENTIAL (NON-INFL.) ETAS   
       IN SHRINKAGE (ETASTYPE):             NO        
 NON-INFL. ETA CORRECTION (NONINFETA):      OFF       
 RAW OUTPUT FILE (FILE): psn.ext                                                                                                                                                                                                                                                         
 EXCLUDE TITLE (NOTITLE):                   NO        
 EXCLUDE COLUMN LABELS (NOLABEL):           NO        
 FORMAT FOR ADDITIONAL FILES (FORMAT):      S1PE12.5
 PARAMETER ORDER FOR OUTPUTS (ORDER):       TSOL
 WISHART PRIOR DF INTERPRETATION (WISHTYPE):0           
 KNUTHSUMOFF:                               0           
 INCLUDE LNTWOPI:                           NO        
 INCLUDE CONSTANT TERM TO PRIOR (PRIORC):   NO        
 INCLUDE CONSTANT TERM TO OMEGA (ETA) (OLNTWOPI):NO        
 ADDITIONAL CONVERGENCE TEST (CTYPE=4)?:    NO
 EM OR BAYESIAN METHOD USED:                 NONE


 THE FOLLOWING LABELS ARE EQUIVALENT
 PRED=PREDI
 RES=RESI
 WRES=WRESI
 IWRS=IWRESI
 IPRD=IPREDI
 IRS=IRESI

 MONITORING OF SEARCH:

LOADED PHI/ETA DATA FROM FILE pheno_real.phi

0ITERATION NO.:    0    OBJECTIVE VALUE:   586.276056396101        NO. OF FUNC. EVALS.:   3
 CUMULATIVE NO. OF FUNC. EVALS.:        3
 NPARAMETR:  2.9346E-02  2.7907E-02  1.3242E-02
 PARAMETER:  1.0000E-01  1.0000E-01  1.0000E-01
 GRADIENT:   5.6345E-01  3.0146E-01  1.6849E+00

0ITERATION NO.:    1    OBJECTIVE VALUE:   586.271900856192        NO. OF FUNC. EVALS.:   6
 CUMULATIVE NO. OF FUNC. EVALS.:        9
 NPARAMETR:  2.9199E-02  2.7832E-02  1.3044E-02
 PARAMETER:  9.7492E-02  9.8658E-02  9.2500E-02
 GRADIENT:   2.9784E-01 -2.2928E-01 -1.1214E+06

0ITERATION NO.:    2    OBJECTIVE VALUE:   586.270765598519        NO. OF FUNC. EVALS.:   7
 CUMULATIVE NO. OF FUNC. EVALS.:       16
 NPARAMETR:  2.9199E-02  2.7832E-02  1.3114E-02
 PARAMETER:  9.7492E-02  9.8658E-02  9.5166E-02
 GRADIENT:   3.5874E-01 -1.0473E-01 -1.1214E+06

0ITERATION NO.:    3    OBJECTIVE VALUE:   586.270765598519        NO. OF FUNC. EVALS.:  10
 CUMULATIVE NO. OF FUNC. EVALS.:       26
 NPARAMETR:  2.9199E-02  2.7832E-02  1.3114E-02
 PARAMETER:  9.7492E-02  9.8658E-02  9.5166E-02
 GRADIENT:   3.5874E-01 -1.0473E-01 -1.3415E+00

0ITERATION NO.:    4    OBJECTIVE VALUE:   586.270748318214        NO. OF FUNC. EVALS.:   8
 CUMULATIVE NO. OF FUNC. EVALS.:       34
 NPARAMETR:  2.9194E-02  2.7833E-02  1.3123E-02
 PARAMETER:  9.7402E-02  9.8684E-02  9.5501E-02
 GRADIENT:   3.6338E-01 -8.6349E-02 -1.1327E+00

0ITERATION NO.:    5    OBJECTIVE VALUE:   586.270280349309        NO. OF FUNC. EVALS.:   5
 CUMULATIVE NO. OF FUNC. EVALS.:       39
 NPARAMETR:  2.8080E-02  2.7799E-02  1.3138E-02
 PARAMETER:  7.7959E-02  9.8066E-02  9.6087E-02
 GRADIENT:  -3.0610E-01 -2.5112E-01 -7.6844E-01

0ITERATION NO.:    6    OBJECTIVE VALUE:   586.270143535011        NO. OF FUNC. EVALS.:   6
 CUMULATIVE NO. OF FUNC. EVALS.:       45
 NPARAMETR:  2.8064E-02  2.7883E-02  1.3136E-02
 PARAMETER:  7.7670E-02  9.9582E-02  9.5985E-02
 GRADIENT:  -3.0960E-01 -6.9126E-02 -8.3218E-01

0ITERATION NO.:    7    OBJECTIVE VALUE:   586.269261716517        NO. OF FUNC. EVALS.:   6
 CUMULATIVE NO. OF FUNC. EVALS.:       51
 NPARAMETR:  2.8266E-02  2.7889E-02  1.3149E-02
 PARAMETER:  8.1263E-02  9.9675E-02  9.6493E-02
 GRADIENT:  -1.7213E-01 -1.2645E-02 -5.1622E-01

0ITERATION NO.:    8    OBJECTIVE VALUE:   586.269041346624        NO. OF FUNC. EVALS.:   5
 CUMULATIVE NO. OF FUNC. EVALS.:       56
 NPARAMETR:  2.8455E-02  2.7873E-02  1.3165E-02
 PARAMETER:  8.4597E-02  9.9403E-02  9.7097E-02
 GRADIENT:  -4.3702E-02  1.4526E-03 -1.4171E-01

0ITERATION NO.:    9    OBJECTIVE VALUE:   586.268928985627        NO. OF FUNC. EVALS.:  13
 CUMULATIVE NO. OF FUNC. EVALS.:       69             RESET HESSIAN, TYPE I
 NPARAMETR:  2.8525E-02  2.7873E-02  1.3108E-02
 PARAMETER:  8.5815E-02  9.9392E-02  9.4939E-02
 GRADIENT:  -5.0539E-02 -9.3481E-02 -1.1214E+06

0ITERATION NO.:   10    OBJECTIVE VALUE:   586.268784669897        NO. OF FUNC. EVALS.:   5
 CUMULATIVE NO. OF FUNC. EVALS.:       74
 NPARAMETR:  2.8525E-02  2.7873E-02  1.3131E-02
 PARAMETER:  8.5815E-02  9.9392E-02  9.5802E-02
 GRADIENT:  -3.0781E-02 -5.3189E-02 -1.1214E+06

0ITERATION NO.:   11    OBJECTIVE VALUE:   586.268784669897        NO. OF FUNC. EVALS.:   6
 CUMULATIVE NO. OF FUNC. EVALS.:       80
 NPARAMETR:  2.8525E-02  2.7873E-02  1.3131E-02
 PARAMETER:  8.5815E-02  9.9392E-02  9.5802E-02
 GRADIENT:  -3.0781E-02 -5.3189E-02 -9.4557E-01

0ITERATION NO.:   12    OBJECTIVE VALUE:   586.268761873444        NO. OF FUNC. EVALS.:   5
 CUMULATIVE NO. OF FUNC. EVALS.:       85
 NPARAMETR:  2.8574E-02  2.7896E-02  1.3131E-02
 PARAMETER:  8.6676E-02  9.9805E-02  9.5802E-02
 GRADIENT:   1.7119E-03  3.2413E-03 -9.4557E-01

0ITERATION NO.:   13    OBJECTIVE VALUE:   586.268761873444        NO. OF FUNC. EVALS.:   2
 CUMULATIVE NO. OF FUNC. EVALS.:       87
 NPARAMETR:  2.8574E-02  2.7896E-02  1.3131E-02
 PARAMETER:  8.6676E-02  9.9805E-02  9.5802E-02
 GRADIENT:   1.7119E-03  3.2413E-03 -9.4557E-01

 #TERM:
0MINIMIZATION SUCCESSFUL
 NO. OF FUNCTION EVALUATIONS USED:       87
 NO. OF SIG. DIGITS IN FINAL EST.:  3.3

 ETABAR IS THE ARITHMETIC MEAN OF THE ETA-ESTIMATES,
 AND THE P-VALUE IS GIVEN FOR THE NULL HYPOTHESIS THAT THE TRUE MEAN IS 0.

 ETABAR:         1.7264E-03 -1.3126E-03
 SE:             1.1581E-02  1.8843E-02
 N:                      59          59

 P VAL.:         8.8150E-01  9.4447E-01

 ETASHRINKSD(%)  4.6923E+01  1.2600E+01
 ETASHRINKVR(%)  7.1829E+01  2.3612E+01
 EBVSHRINKSD(%)  4.7994E+01  1.3596E+01
 EBVSHRINKVR(%)  7.2953E+01  2.5343E+01
 EPSSHRINKSD(%)  2.0850E+01
 EPSSHRINKVR(%)  3.7352E+01

  
 TOTAL DATA POINTS NORMALLY DISTRIBUTED (N):          155
 N*LOG(2PI) CONSTANT TO OBJECTIVE FUNCTION:    284.87094529344853     
 OBJECTIVE FUNCTION VALUE WITHOUT CONSTANT:    586.26876187344385     
 OBJECTIVE FUNCTION VALUE WITH CONSTANT:       871.13970716689232     
 REPORTED OBJECTIVE FUNCTION DOES NOT CONTAIN CONSTANT
  
 TOTAL EFFECTIVE ETAS (NIND*NETA):                           118
  
 #TERE:
 Elapsed estimation  time in seconds:     0.08
 Elapsed postprocess time in seconds:     0.00
1
 
 
 
 
 
 
 
 
 
 
 
 
 
 
 
 
 
 
 
 
 ************************************************************************************************************************
 ********************                                                                                ********************
 ********************               FIRST ORDER CONDITIONAL ESTIMATION WITH INTERACTION              ********************
 #OBJT:**************                       MINIMUM VALUE OF OBJECTIVE FUNCTION                      ********************
 ********************                                                                                ********************
 ************************************************************************************************************************
 





 #OBJV:********************************************      586.269       **************************************************
1
 ************************************************************************************************************************
 ********************                                                                                ********************
 ********************               FIRST ORDER CONDITIONAL ESTIMATION WITH INTERACTION              ********************
 ********************                             FINAL PARAMETER ESTIMATE                           ********************
 ********************                                                                                ********************
 ************************************************************************************************************************
 


 OMEGA - COV MATRIX FOR RANDOM EFFECTS - ETAS  ********


         ETA1      ETA2     
 
 ETA1
+        2.86E-02
 
 ETA2
+        0.00E+00  2.79E-02
 


 SIGMA - COV MATRIX FOR RANDOM EFFECTS - EPSILONS  ****


         EPS1     
 
 EPS1
+        1.31E-02
 
1


 OMEGA - CORR MATRIX FOR RANDOM EFFECTS - ETAS  *******


         ETA1      ETA2     
 
 ETA1
+        1.69E-01
 
 ETA2
+        0.00E+00  1.67E-01
 


 SIGMA - CORR MATRIX FOR RANDOM EFFECTS - EPSILONS  ***


         EPS1     
 
 EPS1
+        1.15E-01
 
 Elapsed finaloutput time in seconds:     0.00
 #CPUT: Total CPU Time in Seconds,        0.085
Stop Time:
ons  5 aug 2020 11:42:30 CEST
