tis 27 okt 2020 09:30:20 CET
$PROBLEM    PHENOBARB SIMPLE MODEL
$INPUT      ID DV MDV OPRED D_EPS1 TIME AMT WGT APGR D_ETA1 D_ETA2
            OETA1 OETA2 D_EPSETA1_1 D_EPSETA1_2
$DATA      ../../pheno_linbase.dta IGNORE=@ IGNORE(MDV.NEN.0)
$PRED
BASE1=D_ETA1*(ETA(1)-OETA1)
BASE2=D_ETA2*(ETA(2)-OETA2)
BSUM1=BASE1+BASE2
BASE_TERMS=BSUM1
IPRED=OPRED+BASE_TERMS
ERR1=EPS(1)*(D_EPS1+D_EPSETA1_1*(ETA(1)-OETA1))
ERR2=EPS(1)*(D_EPSETA1_2*(ETA(2)-OETA2))
ESUM1=ERR1+ERR2
ERROR_TERMS=ESUM1
Y=IPRED+ERROR_TERMS
$OMEGA  0.111053  ;       IVCL
$OMEGA  0.201526  ;        IVV
$SIGMA  0.0164177
$ETAS       FILE=pheno.phi
$ESTIMATION MCETA=1 METHOD=COND INTERACTION MAXEVALS=9999999 PRINT=1


NM-TRAN MESSAGES
  
 WARNINGS AND ERRORS (IF ANY) FOR PROBLEM    1
             
 (WARNING  2) NM-TRAN INFERS THAT THE DATA ARE POPULATION.

License Registered to: Uppsala University
Expiration Date:    14 MAR 2021
Current Date:       27 OCT 2020
Days until program expires : 142
1NONLINEAR MIXED EFFECTS MODEL PROGRAM (NONMEM) VERSION 7.4.4
 ORIGINALLY DEVELOPED BY STUART BEAL, LEWIS SHEINER, AND ALISON BOECKMANN
 CURRENT DEVELOPERS ARE ROBERT BAUER, ICON DEVELOPMENT SOLUTIONS,
 AND ALISON BOECKMANN. IMPLEMENTATION, EFFICIENCY, AND STANDARDIZATION
 PERFORMED BY NOUS INFOSYSTEMS.
 
 PROBLEM NO.:         1
 PHENOBARB SIMPLE MODEL                                                  
0DATA CHECKOUT RUN:              NO 
 DATA SET LOCATED ON UNIT NO.:    2
 THIS UNIT TO BE REWOUND:        NO 
 NO. OF DATA RECS IN DATA SET:      155
 NO. OF DATA ITEMS IN DATA SET:  15
 ID DATA ITEM IS DATA ITEM NO.:   1
 DEP VARIABLE IS DATA ITEM NO.:   2
 MDV DATA ITEM IS DATA ITEM NO.:  3
0LABELS FOR DATA ITEMS:
 ID DV MDV OPRED D_EPS1 TIME AMT WGT APGR D_ETA1 D_ETA2 OETA1 OETA2 D_EPSETA1_1 D_EPSETA1_2
0FORMAT FOR DATA:
 (E15.0,2E22.0/3E22.0/3E22.0/3E23.0/3E23.0)                                      
 
 TOT. NO. OF OBS RECS:      155
 TOT. NO. OF INDIVIDUALS:       59
0LENGTH OF THETA:   0
0DEFAULT THETA BOUNDARY TEST OMITTED:    NO 
0OMEGA HAS SIMPLE DIAGONAL FORM WITH DIMENSION:   2
0DEFAULT OMEGA BOUNDARY TEST OMITTED:    NO 
0SIGMA HAS SIMPLE DIAGONAL FORM WITH DIMENSION:   1
0DEFAULT SIGMA BOUNDARY TEST OMITTED:    NO 
0INITIAL ESTIMATE OF OMEGA:
 0.1111E+00
 0.0000E+00   0.2015E+00
0INITIAL ESTIMATE OF SIGMA:
 0.1642E-01
1


 #TBLN:      1
 #METH: First Order Conditional Estimation with Interaction

 ESTIMATION STEP OMITTED:                 NO  
 ANALYSIS TYPE:                           POPULATION
 NUMBER OF SADDLE POINT RESET ITERATIONS:      0
 GRADIENT METHOD USED:               NOSLOW
 CONDITIONAL ESTIMATES USED:              YES 
 CENTERED ETA:                            NO  
 EPS-ETA INTERACTION:                     YES 
 LAPLACIAN OBJ. FUNC.:                    NO  
 NO. OF FUNCT. EVALS. ALLOWED:            9999999
 NO. OF SIG. FIGURES REQUIRED:            3
 INTERMEDIATE PRINTOUT:                   YES 
 ESTIMATE OUTPUT TO MSF:                  NO  
 IND. OBJ. FUNC. VALUES SORTED:           NO  
 NUMERICAL DERIVATIVE 
       FILE REQUEST (NUMDER):               NONE
 MAP (ETAHAT) ESTIMATION METHOD (OPTMAP):   0           
 ETA HESSIAN EVALUATION METHOD (ETADER):    0           
 INITIAL ETA FOR MAP ESTIMATION (MCETA):    1           
 SIGDIGITS FOR MAP ESTIMATION (SIGLO):      100         
 GRADIENT SIGDIGITS OF 
       FIXED EFFECTS PARAMETERS (SIGL):     100         
 NOPRIOR SETTING (NOPRIOR):                 OFF       
 NOCOV SETTING (NOCOV):                     OFF       
 DERCONT SETTING (DERCONT):                 OFF       
 FINAL ETA RE-EVALUATION (FNLETA):          ON        
 EXCLUDE NON-INFLUENTIAL (NON-INFL.) ETAS   
       IN SHRINKAGE (ETASTYPE):             NO        
 NON-INFL. ETA CORRECTION (NONINFETA):      OFF       
 RAW OUTPUT FILE (FILE): psn.ext                                                                                                                                                                                                                                                         
 EXCLUDE TITLE (NOTITLE):                   NO        
 EXCLUDE COLUMN LABELS (NOLABEL):           NO        
 FORMAT FOR ADDITIONAL FILES (FORMAT):      S1PE12.5
 PARAMETER ORDER FOR OUTPUTS (ORDER):       TSOL
 WISHART PRIOR DF INTERPRETATION (WISHTYPE):0           
 KNUTHSUMOFF:                               0           
 INCLUDE LNTWOPI:                           NO        
 INCLUDE CONSTANT TERM TO PRIOR (PRIORC):   NO        
 INCLUDE CONSTANT TERM TO OMEGA (ETA) (OLNTWOPI):NO        
 ADDITIONAL CONVERGENCE TEST (CTYPE=4)?:    NO
 EM OR BAYESIAN METHOD USED:                 NONE


 THE FOLLOWING LABELS ARE EQUIVALENT
 PRED=PREDI
 RES=RESI
 WRES=WRESI
 IWRS=IWRESI
 IPRD=IPREDI
 IRS=IRESI

 MONITORING OF SEARCH:

LOADED PHI/ETA DATA FROM FILE pheno.phi

0ITERATION NO.:    0    OBJECTIVE VALUE:   730.894726898938        NO. OF FUNC. EVALS.:   3
 CUMULATIVE NO. OF FUNC. EVALS.:        3
 NPARAMETR:  1.1105E-01  2.0153E-01  1.6418E-02
 PARAMETER:  1.0000E-01  1.0000E-01  1.0000E-01
 GRADIENT:   5.4178E-01 -4.3569E-01  4.8623E+00

0ITERATION NO.:    1    OBJECTIVE VALUE:   730.857547946139        NO. OF FUNC. EVALS.:   5
 CUMULATIVE NO. OF FUNC. EVALS.:        8
 NPARAMETR:  1.1045E-01  2.0241E-01  1.5636E-02
 PARAMETER:  9.7282E-02  1.0219E-01  7.5603E-02
 GRADIENT:  -7.5134E-01 -7.5932E-02 -2.2370E+06

0ITERATION NO.:    2    OBJECTIVE VALUE:   730.854071531911        NO. OF FUNC. EVALS.:   5
 CUMULATIVE NO. OF FUNC. EVALS.:       13
 NPARAMETR:  1.1045E-01  2.0241E-01  1.5995E-02
 PARAMETER:  9.7282E-02  1.0219E-01  8.6943E-02
 GRADIENT:  -1.6590E-01 -4.8001E-02 -2.2377E+06

0ITERATION NO.:    3    OBJECTIVE VALUE:   730.854071531911        NO. OF FUNC. EVALS.:  10
 CUMULATIVE NO. OF FUNC. EVALS.:       23
 NPARAMETR:  1.1045E-01  2.0241E-01  1.5995E-02
 PARAMETER:  9.7282E-02  1.0219E-01  8.6943E-02
 GRADIENT:  -1.6590E-01 -4.8001E-02 -3.2421E+00

0ITERATION NO.:    4    OBJECTIVE VALUE:   730.851019790097        NO. OF FUNC. EVALS.:  17
 CUMULATIVE NO. OF FUNC. EVALS.:       40             RESET HESSIAN, TYPE I
 NPARAMETR:  1.1161E-01  2.0250E-01  1.5712E-02
 PARAMETER:  1.0249E-01  1.0242E-01  7.8038E-02
 GRADIENT:  -4.6641E-01  3.8109E-02 -2.2371E+06

0ITERATION NO.:    5    OBJECTIVE VALUE:   730.849827025950        NO. OF FUNC. EVALS.:   4
 CUMULATIVE NO. OF FUNC. EVALS.:       44
 NPARAMETR:  1.1161E-01  2.0250E-01  1.5768E-02
 PARAMETER:  1.0249E-01  1.0242E-01  7.9819E-02
 GRADIENT:  -3.7424E-01  4.2308E-02 -2.2373E+06

0ITERATION NO.:    6    OBJECTIVE VALUE:   730.849648465849        NO. OF FUNC. EVALS.:   4
 CUMULATIVE NO. OF FUNC. EVALS.:       48
 NPARAMETR:  1.1154E-01  2.0250E-01  1.5796E-02
 PARAMETER:  1.0220E-01  1.0241E-01  8.0710E-02
 GRADIENT:  -3.3695E-01  4.0679E-02 -2.2373E+06

0ITERATION NO.:    7    OBJECTIVE VALUE:   730.849643103672        NO. OF FUNC. EVALS.:   5
 CUMULATIVE NO. OF FUNC. EVALS.:       53
 NPARAMETR:  1.1152E-01  2.0250E-01  1.5803E-02
 PARAMETER:  1.0210E-01  1.0241E-01  8.0926E-02
 GRADIENT:  -3.2876E-01  4.0001E-02 -2.2373E+06

0ITERATION NO.:    8    OBJECTIVE VALUE:   730.849643103672        NO. OF FUNC. EVALS.:   6
 CUMULATIVE NO. OF FUNC. EVALS.:       59
 NPARAMETR:  1.1152E-01  2.0250E-01  1.5803E-02
 PARAMETER:  1.0210E-01  1.0241E-01  8.0926E-02
 GRADIENT:  -3.2876E-01  4.0000E-02 -7.0348E+00

0ITERATION NO.:    9    OBJECTIVE VALUE:   730.847931549731        NO. OF FUNC. EVALS.:   7
 CUMULATIVE NO. OF FUNC. EVALS.:       66
 NPARAMETR:  1.1337E-01  2.0244E-01  1.5803E-02
 PARAMETER:  1.1034E-01  1.0226E-01  8.0926E-02
 GRADIENT:  -8.3394E-02  1.0310E-01 -7.0348E+00

0ITERATION NO.:   10    OBJECTIVE VALUE:   730.847771874075        NO. OF FUNC. EVALS.:   5
 CUMULATIVE NO. OF FUNC. EVALS.:       71
 NPARAMETR:  1.1406E-01  2.0217E-01  1.5803E-02
 PARAMETER:  1.1338E-01  1.0160E-01  8.0926E-02
 GRADIENT:   7.6268E-04 -8.9360E-05 -7.0348E+00

0ITERATION NO.:   11    OBJECTIVE VALUE:   730.847435008185        NO. OF FUNC. EVALS.:   6
 CUMULATIVE NO. OF FUNC. EVALS.:       77            RESET HESSIAN, TYPE II
 NPARAMETR:  1.1406E-01  2.0217E-01  1.5755E-02
 PARAMETER:  1.1335E-01  1.0160E-01  7.9399E-02
 GRADIENT:  -7.8234E-02 -3.6519E-03 -2.2372E+06

0ITERATION NO.:   12    OBJECTIVE VALUE:   730.847435008185        NO. OF FUNC. EVALS.:   5
 CUMULATIVE NO. OF FUNC. EVALS.:       82
 NPARAMETR:  1.1406E-01  2.0217E-01  1.5755E-02
 PARAMETER:  1.1335E-01  1.0160E-01  7.9399E-02
 GRADIENT:  -7.8233E-02 -3.6517E-03 -8.0046E+00

0ITERATION NO.:   13    OBJECTIVE VALUE:   730.847332587666        NO. OF FUNC. EVALS.:   5
 CUMULATIVE NO. OF FUNC. EVALS.:       87
 NPARAMETR:  1.1466E-01  2.0212E-01  1.5755E-02
 PARAMETER:  1.1599E-01  1.0147E-01  7.9399E-02
 GRADIENT:   4.4089E-04  2.8091E-04 -8.0046E+00

0ITERATION NO.:   14    OBJECTIVE VALUE:   730.847291272885        NO. OF FUNC. EVALS.:   6
 CUMULATIVE NO. OF FUNC. EVALS.:       93            RESET HESSIAN, TYPE II
 NPARAMETR:  1.1466E-01  2.0212E-01  1.5738E-02
 PARAMETER:  1.1597E-01  1.0147E-01  7.8865E-02
 GRADIENT:  -2.7365E-02 -1.2575E-03 -2.2372E+06

0ITERATION NO.:   15    OBJECTIVE VALUE:   730.847291272885        NO. OF FUNC. EVALS.:   5
 CUMULATIVE NO. OF FUNC. EVALS.:       98
 NPARAMETR:  1.1466E-01  2.0212E-01  1.5738E-02
 PARAMETER:  1.1597E-01  1.0147E-01  7.8865E-02
 GRADIENT:  -2.7364E-02 -1.2572E-03 -8.3442E+00

0ITERATION NO.:   16    OBJECTIVE VALUE:   730.847278757702        NO. OF FUNC. EVALS.:   5
 CUMULATIVE NO. OF FUNC. EVALS.:      103
 NPARAMETR:  1.1487E-01  2.0210E-01  1.5738E-02
 PARAMETER:  1.1689E-01  1.0143E-01  7.8865E-02
 GRADIENT:   8.4216E-05  4.8488E-06 -8.3442E+00

0ITERATION NO.:   17    OBJECTIVE VALUE:   730.847273650388        NO. OF FUNC. EVALS.:   6
 CUMULATIVE NO. OF FUNC. EVALS.:      109            RESET HESSIAN, TYPE II
 NPARAMETR:  1.1487E-01  2.0210E-01  1.5732E-02
 PARAMETER:  1.1689E-01  1.0143E-01  7.8673E-02
 GRADIENT:  -9.8237E-03 -4.4862E-04 -2.2371E+06

0ITERATION NO.:   18    OBJECTIVE VALUE:   730.847273650388        NO. OF FUNC. EVALS.:   5
 CUMULATIVE NO. OF FUNC. EVALS.:      114
 NPARAMETR:  1.1487E-01  2.0210E-01  1.5732E-02
 PARAMETER:  1.1689E-01  1.0143E-01  7.8673E-02
 GRADIENT:  -9.8228E-03 -4.4853E-04 -8.4662E+00

0ITERATION NO.:   19    OBJECTIVE VALUE:   730.847272009025        NO. OF FUNC. EVALS.:   5
 CUMULATIVE NO. OF FUNC. EVALS.:      119
 NPARAMETR:  1.1494E-01  2.0210E-01  1.5732E-02
 PARAMETER:  1.1722E-01  1.0141E-01  7.8673E-02
 GRADIENT:   4.2689E-06  1.0976E-07 -8.4662E+00

0ITERATION NO.:   20    OBJECTIVE VALUE:   730.847272009025        NO. OF FUNC. EVALS.:   2
 CUMULATIVE NO. OF FUNC. EVALS.:      121
 NPARAMETR:  1.1494E-01  2.0210E-01  1.5732E-02
 PARAMETER:  1.1722E-01  1.0141E-01  7.8673E-02
 GRADIENT:   4.2689E-06  1.0976E-07 -8.4662E+00

 #TERM:
0MINIMIZATION SUCCESSFUL
 NO. OF FUNCTION EVALUATIONS USED:      121
 NO. OF SIG. DIGITS IN FINAL EST.:  5.4

 ETABAR IS THE ARITHMETIC MEAN OF THE ETA-ESTIMATES,
 AND THE P-VALUE IS GIVEN FOR THE NULL HYPOTHESIS THAT THE TRUE MEAN IS 0.

 ETABAR:         1.0373E-02 -4.7118E-03
 SE:             2.8289E-02  5.6823E-02
 N:                      59          59

 P VAL.:         7.1387E-01  9.3391E-01

 ETASHRINKSD(%)  3.5358E+01  2.0775E+00
 ETASHRINKVR(%)  5.8214E+01  4.1118E+00
 EBVSHRINKSD(%)  3.6883E+01  2.9283E+00
 EBVSHRINKVR(%)  6.0163E+01  5.7709E+00
 EPSSHRINKSD(%)  2.8243E+01
 EPSSHRINKVR(%)  4.8509E+01

  
 TOTAL DATA POINTS NORMALLY DISTRIBUTED (N):          155
 N*LOG(2PI) CONSTANT TO OBJECTIVE FUNCTION:    284.87094529344853     
 OBJECTIVE FUNCTION VALUE WITHOUT CONSTANT:    730.84727200902546     
 OBJECTIVE FUNCTION VALUE WITH CONSTANT:       1015.7182173024739     
 REPORTED OBJECTIVE FUNCTION DOES NOT CONTAIN CONSTANT
  
 TOTAL EFFECTIVE ETAS (NIND*NETA):                           118
  
 #TERE:
 Elapsed estimation  time in seconds:     0.11
 Elapsed postprocess time in seconds:     0.00
1
 
 
 
 
 
 
 
 
 
 
 
 
 
 
 
 
 
 
 
 
 ************************************************************************************************************************
 ********************                                                                                ********************
 ********************               FIRST ORDER CONDITIONAL ESTIMATION WITH INTERACTION              ********************
 #OBJT:**************                       MINIMUM VALUE OF OBJECTIVE FUNCTION                      ********************
 ********************                                                                                ********************
 ************************************************************************************************************************
 





 #OBJV:********************************************      730.847       **************************************************
1
 ************************************************************************************************************************
 ********************                                                                                ********************
 ********************               FIRST ORDER CONDITIONAL ESTIMATION WITH INTERACTION              ********************
 ********************                             FINAL PARAMETER ESTIMATE                           ********************
 ********************                                                                                ********************
 ************************************************************************************************************************
 


 OMEGA - COV MATRIX FOR RANDOM EFFECTS - ETAS  ********


         ETA1      ETA2     
 
 ETA1
+        1.15E-01
 
 ETA2
+        0.00E+00  2.02E-01
 


 SIGMA - COV MATRIX FOR RANDOM EFFECTS - EPSILONS  ****


         EPS1     
 
 EPS1
+        1.57E-02
 
1


 OMEGA - CORR MATRIX FOR RANDOM EFFECTS - ETAS  *******


         ETA1      ETA2     
 
 ETA1
+        3.39E-01
 
 ETA2
+        0.00E+00  4.50E-01
 


 SIGMA - CORR MATRIX FOR RANDOM EFFECTS - EPSILONS  ***


         EPS1     
 
 EPS1
+        1.25E-01
 
 Elapsed finaloutput time in seconds:     0.00
 #CPUT: Total CPU Time in Seconds,        0.119
Stop Time:
tis 27 okt 2020 09:30:20 CET
